Archive member included to satisfy reference by file (symbol)

/home/thepro/Ac6/SystemWorkbench/plugins/fr.ac6.mcu.externaltools.arm-none.linux64_1.13.1.201707031232/tools/compiler/bin/../lib/gcc/arm-none-eabi/5.4.1/../../../../arm-none-eabi/lib/armv7-m/libm.a(lib_a-s_ceil.o)
                              Src/RegionCommon.o (ceil)
/home/thepro/Ac6/SystemWorkbench/plugins/fr.ac6.mcu.externaltools.arm-none.linux64_1.13.1.201707031232/tools/compiler/bin/../lib/gcc/arm-none-eabi/5.4.1/../../../../arm-none-eabi/lib/armv7-m/libm.a(lib_a-s_floor.o)
                              Src/RegionCommon.o (floor)
/home/thepro/Ac6/SystemWorkbench/plugins/fr.ac6.mcu.externaltools.arm-none.linux64_1.13.1.201707031232/tools/compiler/bin/../lib/gcc/arm-none-eabi/5.4.1/../../../../arm-none-eabi/lib/armv7-m/libm.a(lib_a-s_round.o)
                              Src/rtc-board.o (round)
/home/thepro/Ac6/SystemWorkbench/plugins/fr.ac6.mcu.externaltools.arm-none.linux64_1.13.1.201707031232/tools/compiler/bin/../lib/gcc/arm-none-eabi/5.4.1/armv7-m/libgcc.a(_arm_addsubdf3.o)
                              Src/RegionCommon.o (__aeabi_dsub)
/home/thepro/Ac6/SystemWorkbench/plugins/fr.ac6.mcu.externaltools.arm-none.linux64_1.13.1.201707031232/tools/compiler/bin/../lib/gcc/arm-none-eabi/5.4.1/armv7-m/libgcc.a(_arm_muldivdf3.o)
                              Src/RegionCommon.o (__aeabi_dmul)
/home/thepro/Ac6/SystemWorkbench/plugins/fr.ac6.mcu.externaltools.arm-none.linux64_1.13.1.201707031232/tools/compiler/bin/../lib/gcc/arm-none-eabi/5.4.1/armv7-m/libgcc.a(_arm_cmpdf2.o)
                              Src/gps.o (__aeabi_dcmpeq)
/home/thepro/Ac6/SystemWorkbench/plugins/fr.ac6.mcu.externaltools.arm-none.linux64_1.13.1.201707031232/tools/compiler/bin/../lib/gcc/arm-none-eabi/5.4.1/armv7-m/libgcc.a(_arm_fixdfsi.o)
                              Src/RegionCommon.o (__aeabi_d2iz)
/home/thepro/Ac6/SystemWorkbench/plugins/fr.ac6.mcu.externaltools.arm-none.linux64_1.13.1.201707031232/tools/compiler/bin/../lib/gcc/arm-none-eabi/5.4.1/armv7-m/libgcc.a(_arm_fixunsdfsi.o)
                              Src/RegionCommon.o (__aeabi_d2uiz)
/home/thepro/Ac6/SystemWorkbench/plugins/fr.ac6.mcu.externaltools.arm-none.linux64_1.13.1.201707031232/tools/compiler/bin/../lib/gcc/arm-none-eabi/5.4.1/armv7-m/libgcc.a(_arm_addsubsf3.o)
                              Src/RegionCommon.o (__aeabi_fsub)
/home/thepro/Ac6/SystemWorkbench/plugins/fr.ac6.mcu.externaltools.arm-none.linux64_1.13.1.201707031232/tools/compiler/bin/../lib/gcc/arm-none-eabi/5.4.1/armv7-m/libgcc.a(_arm_muldivsf3.o)
                              Src/delay.o (__aeabi_fmul)
/home/thepro/Ac6/SystemWorkbench/plugins/fr.ac6.mcu.externaltools.arm-none.linux64_1.13.1.201707031232/tools/compiler/bin/../lib/gcc/arm-none-eabi/5.4.1/armv7-m/libgcc.a(_arm_fixunssfsi.o)
                              Src/delay.o (__aeabi_f2uiz)
/home/thepro/Ac6/SystemWorkbench/plugins/fr.ac6.mcu.externaltools.arm-none.linux64_1.13.1.201707031232/tools/compiler/bin/../lib/gcc/arm-none-eabi/5.4.1/../../../../arm-none-eabi/lib/armv7-m/libc_nano.a(lib_a-atoi.o)
                              Src/gps.o (atoi)
/home/thepro/Ac6/SystemWorkbench/plugins/fr.ac6.mcu.externaltools.arm-none.linux64_1.13.1.201707031232/tools/compiler/bin/../lib/gcc/arm-none-eabi/5.4.1/../../../../arm-none-eabi/lib/armv7-m/libc_nano.a(lib_a-exit.o)
                              /home/thepro/Ac6/SystemWorkbench/plugins/fr.ac6.mcu.externaltools.arm-none.linux64_1.13.1.201707031232/tools/compiler/bin/../lib/gcc/arm-none-eabi/5.4.1/../../../../arm-none-eabi/lib/armv7-m/crt0.o (exit)
/home/thepro/Ac6/SystemWorkbench/plugins/fr.ac6.mcu.externaltools.arm-none.linux64_1.13.1.201707031232/tools/compiler/bin/../lib/gcc/arm-none-eabi/5.4.1/../../../../arm-none-eabi/lib/armv7-m/libc_nano.a(lib_a-impure.o)
                              /home/thepro/Ac6/SystemWorkbench/plugins/fr.ac6.mcu.externaltools.arm-none.linux64_1.13.1.201707031232/tools/compiler/bin/../lib/gcc/arm-none-eabi/5.4.1/../../../../arm-none-eabi/lib/armv7-m/libc_nano.a(lib_a-exit.o) (_global_impure_ptr)
/home/thepro/Ac6/SystemWorkbench/plugins/fr.ac6.mcu.externaltools.arm-none.linux64_1.13.1.201707031232/tools/compiler/bin/../lib/gcc/arm-none-eabi/5.4.1/../../../../arm-none-eabi/lib/armv7-m/libc_nano.a(lib_a-init.o)
                              /home/thepro/Ac6/SystemWorkbench/plugins/fr.ac6.mcu.externaltools.arm-none.linux64_1.13.1.201707031232/tools/compiler/bin/../lib/gcc/arm-none-eabi/5.4.1/../../../../arm-none-eabi/lib/armv7-m/crt0.o (__libc_init_array)
/home/thepro/Ac6/SystemWorkbench/plugins/fr.ac6.mcu.externaltools.arm-none.linux64_1.13.1.201707031232/tools/compiler/bin/../lib/gcc/arm-none-eabi/5.4.1/../../../../arm-none-eabi/lib/armv7-m/libc_nano.a(lib_a-memset.o)
                              /home/thepro/Ac6/SystemWorkbench/plugins/fr.ac6.mcu.externaltools.arm-none.linux64_1.13.1.201707031232/tools/compiler/bin/../lib/gcc/arm-none-eabi/5.4.1/../../../../arm-none-eabi/lib/armv7-m/crt0.o (memset)
[...]
Memory Configuration

Name             Origin             Length             Attributes
RAM              0x20000000         0x00004000         xrw
FLASH            0x08000000         0x00020000         xr
*default*        0x00000000         0xffffffff

Linker script and memory map

LOAD /home/thepro/Ac6/SystemWorkbench/plugins/fr.ac6.mcu.externaltools.arm-none.linux64_1.13.1.201707031232/tools/compiler/bin/../lib/gcc/arm-none-eabi/5.4.1/armv7-m/crti.o
LOAD /home/thepro/Ac6/SystemWorkbench/plugins/fr.ac6.mcu.externaltools.arm-none.linux64_1.13.1.201707031232/tools/compiler/bin/../lib/gcc/arm-none-eabi/5.4.1/armv7-m/crtbegin.o
LOAD /home/thepro/Ac6/SystemWorkbench/plugins/fr.ac6.mcu.externaltools.arm-none.linux64_1.13.1.201707031232/tools/compiler/bin/../lib/gcc/arm-none-eabi/5.4.1/../../../../arm-none-eabi/lib/armv7-m/crt0.o
LOAD Drivers/STM32L1xx_HAL_Driver/Src/stm32l1xx_hal.o
LOAD Drivers/STM32L1xx_HAL_Driver/Src/stm32l1xx_hal_adc.o
LOAD Drivers/STM32L1xx_HAL_Driver/Src/stm32l1xx_hal_adc_ex.o
LOAD Drivers/STM32L1xx_HAL_Driver/Src/stm32l1xx_hal_comp.o
LOAD Drivers/STM32L1xx_HAL_Driver/Src/stm32l1xx_hal_cortex.o
LOAD Drivers/STM32L1xx_HAL_Driver/Src/stm32l1xx_hal_crc.o
LOAD Drivers/STM32L1xx_HAL_Driver/Src/stm32l1xx_hal_cryp.o
LOAD Drivers/STM32L1xx_HAL_Driver/Src/stm32l1xx_hal_cryp_ex.o
LOAD Drivers/STM32L1xx_HAL_Driver/Src/stm32l1xx_hal_dac.o
LOAD Drivers/STM32L1xx_HAL_Driver/Src/stm32l1xx_hal_dac_ex.o
LOAD Drivers/STM32L1xx_HAL_Driver/Src/stm32l1xx_hal_dma.o
LOAD Drivers/STM32L1xx_HAL_Driver/Src/stm32l1xx_hal_flash.o
LOAD Drivers/STM32L1xx_HAL_Driver/Src/stm32l1xx_hal_flash_ex.o
LOAD Drivers/STM32L1xx_HAL_Driver/Src/stm32l1xx_hal_flash_ramfunc.o
LOAD Drivers/STM32L1xx_HAL_Driver/Src/stm32l1xx_hal_gpio.o
LOAD Drivers/STM32L1xx_HAL_Driver/Src/stm32l1xx_hal_i2c.o
LOAD Drivers/STM32L1xx_HAL_Driver/Src/stm32l1xx_hal_i2s.o
LOAD Drivers/STM32L1xx_HAL_Driver/Src/stm32l1xx_hal_irda.o
LOAD Drivers/STM32L1xx_HAL_Driver/Src/stm32l1xx_hal_iwdg.o
LOAD Drivers/STM32L1xx_HAL_Driver/Src/stm32l1xx_hal_lcd.o
LOAD Drivers/STM32L1xx_HAL_Driver/Src/stm32l1xx_hal_msp_template.o
LOAD Drivers/STM32L1xx_HAL_Driver/Src/stm32l1xx_hal_nor.o
LOAD Drivers/STM32L1xx_HAL_Driver/Src/stm32l1xx_hal_opamp.o
LOAD Drivers/STM32L1xx_HAL_Driver/Src/stm32l1xx_hal_opamp_ex.o
LOAD Drivers/STM32L1xx_HAL_Driver/Src/stm32l1xx_hal_pcd.o
LOAD Drivers/STM32L1xx_HAL_Driver/Src/stm32l1xx_hal_pcd_ex.o
LOAD Drivers/STM32L1xx_HAL_Driver/Src/stm32l1xx_hal_pwr.o
LOAD Drivers/STM32L1xx_HAL_Driver/Src/stm32l1xx_hal_pwr_ex.o
LOAD Drivers/STM32L1xx_HAL_Driver/Src/stm32l1xx_hal_rcc.o
LOAD Drivers/STM32L1xx_HAL_Driver/Src/stm32l1xx_hal_rcc_ex.o
LOAD Drivers/STM32L1xx_HAL_Driver/Src/stm32l1xx_hal_rtc.o
LOAD Drivers/STM32L1xx_HAL_Driver/Src/stm32l1xx_hal_rtc_ex.o
LOAD Drivers/STM32L1xx_HAL_Driver/Src/stm32l1xx_hal_sd.o
LOAD Drivers/STM32L1xx_HAL_Driver/Src/stm32l1xx_hal_smartcard.o
LOAD Drivers/STM32L1xx_HAL_Driver/Src/stm32l1xx_hal_spi.o
LOAD Drivers/STM32L1xx_HAL_Driver/Src/stm32l1xx_hal_spi_ex.o
LOAD Drivers/STM32L1xx_HAL_Driver/Src/stm32l1xx_hal_sram.o
LOAD Drivers/STM32L1xx_HAL_Driver/Src/stm32l1xx_hal_tim.o
LOAD Drivers/STM32L1xx_HAL_Driver/Src/stm32l1xx_hal_tim_ex.o
LOAD Drivers/STM32L1xx_HAL_Driver/Src/stm32l1xx_hal_uart.o
LOAD Drivers/STM32L1xx_HAL_Driver/Src/stm32l1xx_hal_usart.o
LOAD Drivers/STM32L1xx_HAL_Driver/Src/stm32l1xx_hal_wwdg.o
LOAD Drivers/STM32L1xx_HAL_Driver/Src/stm32l1xx_ll_adc.o
LOAD Drivers/STM32L1xx_HAL_Driver/Src/stm32l1xx_ll_comp.o
LOAD Drivers/STM32L1xx_HAL_Driver/Src/stm32l1xx_ll_crc.o
LOAD Drivers/STM32L1xx_HAL_Driver/Src/stm32l1xx_ll_dac.o
LOAD Drivers/STM32L1xx_HAL_Driver/Src/stm32l1xx_ll_dma.o
LOAD Drivers/STM32L1xx_HAL_Driver/Src/stm32l1xx_ll_exti.o
LOAD Drivers/STM32L1xx_HAL_Driver/Src/stm32l1xx_ll_fsmc.o
LOAD Drivers/STM32L1xx_HAL_Driver/Src/stm32l1xx_ll_gpio.o
LOAD Drivers/STM32L1xx_HAL_Driver/Src/stm32l1xx_ll_i2c.o
LOAD Drivers/STM32L1xx_HAL_Driver/Src/stm32l1xx_ll_opamp.o
LOAD Drivers/STM32L1xx_HAL_Driver/Src/stm32l1xx_ll_pwr.o
LOAD Drivers/STM32L1xx_HAL_Driver/Src/stm32l1xx_ll_rcc.o
LOAD Drivers/STM32L1xx_HAL_Driver/Src/stm32l1xx_ll_rtc.o
LOAD Drivers/STM32L1xx_HAL_Driver/Src/stm32l1xx_ll_sdmmc.o
LOAD Drivers/STM32L1xx_HAL_Driver/Src/stm32l1xx_ll_spi.o
LOAD Drivers/STM32L1xx_HAL_Driver/Src/stm32l1xx_ll_tim.o
LOAD Drivers/STM32L1xx_HAL_Driver/Src/stm32l1xx_ll_usart.o
LOAD Drivers/STM32L1xx_HAL_Driver/Src/stm32l1xx_ll_utils.o
LOAD Src/LoRaMac.o
LOAD Src/LoRaMacCrypto.o
LOAD Src/Region.o
LOAD Src/RegionCommon.o
LOAD Src/RegionEU868.o
LOAD Src/RegionIN865.o
LOAD Src/adc-board.o
LOAD Src/adc.o
LOAD Src/aes.o
LOAD Src/board.o
LOAD Src/cmac.o
LOAD Src/delay.o
LOAD Src/eeprom-board.o
LOAD Src/eeprom.o
LOAD Src/fifo.o
LOAD Src/gpio-board.o
LOAD Src/gpio.o
LOAD Src/gps.o
LOAD Src/i2c-board.o
LOAD Src/i2c.o
LOAD Src/main.o
LOAD Src/rtc-board.o
LOAD Src/spi-board.o
LOAD Src/sx1272-board.o
LOAD Src/sx1272.o
LOAD Src/sysIrqHandlers.o
LOAD Src/system_stm32l1xx.o
LOAD Src/timer.o
LOAD Src/uart-board.o
LOAD Src/uart.o
LOAD Src/utilities.o
LOAD startup/startup_stm32l151xb.o
LOAD /home/thepro/Ac6/SystemWorkbench/plugins/fr.ac6.mcu.externaltools.arm-none.linux64_1.13.1.201707031232/tools/compiler/bin/../lib/gcc/arm-none-eabi/5.4.1/../../../../arm-none-eabi/lib/armv7-m/libm.a
START GROUP
LOAD /home/thepro/Ac6/SystemWorkbench/plugins/fr.ac6.mcu.externaltools.arm-none.linux64_1.13.1.201707031232/tools/compiler/bin/../lib/gcc/arm-none-eabi/5.4.1/armv7-m/libgcc.a
LOAD /home/thepro/Ac6/SystemWorkbench/plugins/fr.ac6.mcu.externaltools.arm-none.linux64_1.13.1.201707031232/tools/compiler/bin/../lib/gcc/arm-none-eabi/5.4.1/../../../../arm-none-eabi/lib/armv7-m/libc_nano.a
END GROUP
START GROUP
LOAD /home/thepro/Ac6/SystemWorkbench/plugins/fr.ac6.mcu.externaltools.arm-none.linux64_1.13.1.201707031232/tools/compiler/bin/../lib/gcc/arm-none-eabi/5.4.1/armv7-m/libgcc.a
LOAD /home/thepro/Ac6/SystemWorkbench/plugins/fr.ac6.mcu.externaltools.arm-none.linux64_1.13.1.201707031232/tools/compiler/bin/../lib/gcc/arm-none-eabi/5.4.1/../../../../arm-none-eabi/lib/armv7-m/libc_nano.a
LOAD /home/thepro/Ac6/SystemWorkbench/plugins/fr.ac6.mcu.externaltools.arm-none.linux64_1.13.1.201707031232/tools/compiler/bin/../lib/gcc/arm-none-eabi/5.4.1/../../../../arm-none-eabi/lib/armv7-m/libnosys.a
END GROUP
START GROUP
LOAD /home/thepro/Ac6/SystemWorkbench/plugins/fr.ac6.mcu.externaltools.arm-none.linux64_1.13.1.201707031232/tools/compiler/bin/../lib/gcc/arm-none-eabi/5.4.1/armv7-m/libgcc.a
LOAD /home/thepro/Ac6/SystemWorkbench/plugins/fr.ac6.mcu.externaltools.arm-none.linux64_1.13.1.201707031232/tools/compiler/bin/../lib/gcc/arm-none-eabi/5.4.1/../../../../arm-none-eabi/lib/armv7-m/libc_nano.a
LOAD /home/thepro/Ac6/SystemWorkbench/plugins/fr.ac6.mcu.externaltools.arm-none.linux64_1.13.1.201707031232/tools/compiler/bin/../lib/gcc/arm-none-eabi/5.4.1/../../../../arm-none-eabi/lib/armv7-m/libnosys.a
END GROUP
LOAD /home/thepro/Ac6/SystemWorkbench/plugins/fr.ac6.mcu.externaltools.arm-none.linux64_1.13.1.201707031232/tools/compiler/bin/../lib/gcc/arm-none-eabi/5.4.1/armv7-m/crtend.o
LOAD /home/thepro/Ac6/SystemWorkbench/plugins/fr.ac6.mcu.externaltools.arm-none.linux64_1.13.1.201707031232/tools/compiler/bin/../lib/gcc/arm-none-eabi/5.4.1/armv7-m/crtn.o
                0x20004000                _estack = 0x20004000
                0x00000200                _Min_Heap_Size = 0x200
                0x00000400                _Min_Stack_Size = 0x400

.isr_vector     0x08000000      0x13c
                0x08000000                . = ALIGN (0x4)
 *(.isr_vector)
 .isr_vector    0x08000000      0x13c startup/startup_stm32l151xb.o
                0x08000000                g_pfnVectors
                0x0800013c                . = ALIGN (0x4)

.text           0x08000140     0xa96c
                0x08000140                . = ALIGN (0x4)
 *(.text)
 .text          0x08000140       0x5c /home/thepro/Ac6/SystemWorkbench/plugins/fr.ac6.mcu.externaltools.arm-none.linux64_1.13.1.201707031232/tools/compiler/bin/../lib/gcc/arm-none-eabi/5.4.1/armv7-m/crtbegin.o
 .text          0x0800019c      0x370 /home/thepro/Ac6/SystemWorkbench/plugins/fr.ac6.mcu.externaltools.arm-none.linux64_1.13.1.201707031232/tools/compiler/bin/../lib/gcc/arm-none-eabi/5.4.1/armv7-m/libgcc.a(_arm_addsubdf3.o)
                0x0800019c                __aeabi_drsub
                0x080001a4                __aeabi_dsub
                0x080001a4                __subdf3
                0x080001a8                __adddf3
                0x080001a8                __aeabi_dadd
                0x08000420                __aeabi_ui2d
                0x08000420                __floatunsidf
                0x08000440                __floatsidf
                0x08000440                __aeabi_i2d
                0x08000464                __extendsfdf2
                0x08000464                __aeabi_f2d
                0x080004a0                __aeabi_ul2d
                0x080004a0                __floatundidf
                0x080004b0                __floatdidf
                0x080004b0                __aeabi_l2d
 .text          0x0800050c      0x424 /home/thepro/Ac6/SystemWorkbench/plugins/fr.ac6.mcu.externaltools.arm-none.linux64_1.13.1.201707031232/tools/compiler/bin/../lib/gcc/arm-none-eabi/5.4.1/armv7-m/libgcc.a(_arm_muldivdf3.o)
                0x0800050c                __aeabi_dmul
                0x0800050c                __muldf3
                0x08000760                __aeabi_ddiv
                0x08000760                __divdf3
 .text          0x08000930      0x110 /home/thepro/Ac6/SystemWorkbench/plugins/fr.ac6.mcu.externaltools.arm-none.linux64_1.13.1.201707031232/tools/compiler/bin/../lib/gcc/arm-none-eabi/5.4.1/armv7-m/libgcc.a(_arm_cmpdf2.o)
                0x08000930                __gtdf2
                0x08000930                __gedf2
                0x08000938                __ltdf2
                0x08000938                __ledf2
                0x08000940                __cmpdf2
                0x08000940                __eqdf2
                0x08000940                __nedf2
                0x080009bc                __aeabi_cdrcmple
                0x080009cc                __aeabi_cdcmple
                0x080009cc                __aeabi_cdcmpeq
                0x080009dc                __aeabi_dcmpeq
                0x080009f0                __aeabi_dcmplt
                0x08000a04                __aeabi_dcmple
                0x08000a18                __aeabi_dcmpge
                0x08000a2c                __aeabi_dcmpgt
 .text          0x08000a40       0x50 /home/thepro/Ac6/SystemWorkbench/plugins/fr.ac6.mcu.externaltools.arm-none.linux64_1.13.1.201707031232/tools/compiler/bin/../lib/gcc/arm-none-eabi/5.4.1/armv7-m/libgcc.a(_arm_fixdfsi.o)
                0x08000a40                __fixdfsi
                0x08000a40                __aeabi_d2iz
 .text          0x08000a90       0x40 /home/thepro/Ac6/SystemWorkbench/plugins/fr.ac6.mcu.externaltools.arm-none.linux64_1.13.1.201707031232/tools/compiler/bin/../lib/gcc/arm-none-eabi/5.4.1/armv7-m/libgcc.a(_arm_fixunsdfsi.o)
                0x08000a90                __fixunsdfsi
                0x08000a90                __aeabi_d2uiz
 .text          0x08000ad0      0x21c /home/thepro/Ac6/SystemWorkbench/plugins/fr.ac6.mcu.externaltools.arm-none.linux64_1.13.1.201707031232/tools/compiler/bin/../lib/gcc/arm-none-eabi/5.4.1/armv7-m/libgcc.a(_arm_addsubsf3.o)
                0x08000ad0                __aeabi_frsub
                0x08000ad8                __subsf3
                0x08000ad8                __aeabi_fsub
                0x08000adc                __aeabi_fadd
                0x08000adc                __addsf3
                0x08000c3c                __aeabi_ui2f
                0x08000c3c                __floatunsisf
                0x08000c44                __aeabi_i2f
                0x08000c44                __floatsisf
                0x08000c60                __floatundisf
                0x08000c60                __aeabi_ul2f
                0x08000c70                __floatdisf
                0x08000c70                __aeabi_l2f
 *(.text*)
 .text.HAL_InitTick
                0x08000cec       0x2c Drivers/STM32L1xx_HAL_Driver/Src/stm32l1xx_hal.o
                0x08000cec                HAL_InitTick
 .text.HAL_Init
                0x08000d18       0x18 Drivers/STM32L1xx_HAL_Driver/Src/stm32l1xx_hal.o
                0x08000d18                HAL_Init
 .text.HAL_IncTick
                0x08000d30       0x10 Drivers/STM32L1xx_HAL_Driver/Src/stm32l1xx_hal.o
                0x08000d30                HAL_IncTick
 .text.HAL_GetTick
                0x08000d40        0xc Drivers/STM32L1xx_HAL_Driver/Src/stm32l1xx_hal.o
                0x08000d40                HAL_GetTick
 .text.HAL_Delay
                0x08000d4c       0x1c Drivers/STM32L1xx_HAL_Driver/Src/stm32l1xx_hal.o
                0x08000d4c                HAL_Delay
 .text.HAL_DBGMCU_DisableDBGSleepMode
                0x08000d68       0x10 Drivers/STM32L1xx_HAL_Driver/Src/stm32l1xx_hal.o
                0x08000d68                HAL_DBGMCU_DisableDBGSleepMode
 .text.HAL_DBGMCU_DisableDBGStopMode
                0x08000d78       0x10 Drivers/STM32L1xx_HAL_Driver/Src/stm32l1xx_hal.o
                0x08000d78                HAL_DBGMCU_DisableDBGStopMode
 .text.HAL_DBGMCU_DisableDBGStandbyMode
                0x08000d88       0x10 Drivers/STM32L1xx_HAL_Driver/Src/stm32l1xx_hal.o
                0x08000d88                HAL_DBGMCU_DisableDBGStandbyMode
 .text.HAL_ADC_MspInit
                0x08000d98        0x4 Drivers/STM32L1xx_HAL_Driver/Src/stm32l1xx_hal_adc.o
                0x08000d98                HAL_ADC_MspInit
 .text.HAL_ADC_Init
                0x08000d9c      0x190 Drivers/STM32L1xx_HAL_Driver/Src/stm32l1xx_hal_adc.o
                0x08000d9c                HAL_ADC_Init
 .text.HAL_ADC_MspDeInit
                0x08000f2c        0x4 Drivers/STM32L1xx_HAL_Driver/Src/stm32l1xx_hal_adc.o
                0x08000f2c                HAL_ADC_MspDeInit
 .text.HAL_ADC_PollForConversion
                0x08000f30       0xbc Drivers/STM32L1xx_HAL_Driver/Src/stm32l1xx_hal_adc.o
                0x08000f30                HAL_ADC_PollForConversion
 .text.HAL_ADC_GetValue
                0x08000fec        0x8 Drivers/STM32L1xx_HAL_Driver/Src/stm32l1xx_hal_adc.o
                0x08000fec                HAL_ADC_GetValue
 .text.HAL_ADC_ConfigChannel
                0x08000ff4      0x190 Drivers/STM32L1xx_HAL_Driver/Src/stm32l1xx_hal_adc.o
                0x08000ff4                HAL_ADC_ConfigChannel
 .text.ADC_Enable
                0x08001184       0x84 Drivers/STM32L1xx_HAL_Driver/Src/stm32l1xx_hal_adc.o
                0x08001184                ADC_Enable
 .text.HAL_ADC_Start
                0x08001208       0x84 Drivers/STM32L1xx_HAL_Driver/Src/stm32l1xx_hal_adc.o
                0x08001208                HAL_ADC_Start
 .text.ADC_ConversionStop_Disable
                0x0800128c       0x50 Drivers/STM32L1xx_HAL_Driver/Src/stm32l1xx_hal_adc.o
                0x0800128c                ADC_ConversionStop_Disable
 .text.HAL_ADC_DeInit
                0x080012dc      0x11c Drivers/STM32L1xx_HAL_Driver/Src/stm32l1xx_hal_adc.o
                0x080012dc                HAL_ADC_DeInit
 .text.HAL_NVIC_SetPriorityGrouping
                0x080013f8       0x24 Drivers/STM32L1xx_HAL_Driver/Src/stm32l1xx_hal_cortex.o
                0x080013f8                HAL_NVIC_SetPriorityGrouping
 .text.HAL_NVIC_SetPriority
                0x0800141c       0x64 Drivers/STM32L1xx_HAL_Driver/Src/stm32l1xx_hal_cortex.o
                0x0800141c                HAL_NVIC_SetPriority
 .text.HAL_NVIC_EnableIRQ
                0x08001480       0x18 Drivers/STM32L1xx_HAL_Driver/Src/stm32l1xx_hal_cortex.o
                0x08001480                HAL_NVIC_EnableIRQ
 .text.HAL_SYSTICK_Config
                0x08001498       0x2c Drivers/STM32L1xx_HAL_Driver/Src/stm32l1xx_hal_cortex.o
                0x08001498                HAL_SYSTICK_Config
 .text.HAL_SYSTICK_CLKSourceConfig
                0x080014c4       0x20 Drivers/STM32L1xx_HAL_Driver/Src/stm32l1xx_hal_cortex.o
                0x080014c4                HAL_SYSTICK_CLKSourceConfig
 .text.HAL_SYSTICK_Callback
                0x080014e4        0x4 Drivers/STM32L1xx_HAL_Driver/Src/stm32l1xx_hal_cortex.o
                0x080014e4                HAL_SYSTICK_Callback
 .text.HAL_SYSTICK_IRQHandler
                0x080014e8        0x8 Drivers/STM32L1xx_HAL_Driver/Src/stm32l1xx_hal_cortex.o
                0x080014e8                HAL_SYSTICK_IRQHandler
 .text.HAL_GPIO_Init
                0x080014f0      0x194 Drivers/STM32L1xx_HAL_Driver/Src/stm32l1xx_hal_gpio.o
                0x080014f0                HAL_GPIO_Init
 .text.HAL_GPIO_WritePin
                0x08001684        0xc Drivers/STM32L1xx_HAL_Driver/Src/stm32l1xx_hal_gpio.o
                0x08001684                HAL_GPIO_WritePin
 .text.HAL_GPIO_EXTI_IRQHandler
                0x08001690       0x18 Drivers/STM32L1xx_HAL_Driver/Src/stm32l1xx_hal_gpio.o
                0x08001690                HAL_GPIO_EXTI_IRQHandler
 .text.HAL_MspInit
                0x080016a8        0x4 Drivers/STM32L1xx_HAL_Driver/Src/stm32l1xx_hal_msp_template.o
                0x080016a8                HAL_MspInit
 .text.HAL_PWR_DisablePVD
                0x080016ac       0x1c Drivers/STM32L1xx_HAL_Driver/Src/stm32l1xx_hal_pwr.o
                0x080016ac                HAL_PWR_DisablePVD
 .text.HAL_PWR_EnterSTOPMode
                0x080016c8       0x38 Drivers/STM32L1xx_HAL_Driver/Src/stm32l1xx_hal_pwr.o
                0x080016c8                HAL_PWR_EnterSTOPMode
 .text.HAL_PWREx_GetVoltageRange
                0x08001700       0x10 Drivers/STM32L1xx_HAL_Driver/Src/stm32l1xx_hal_pwr_ex.o
                0x08001700                HAL_PWREx_GetVoltageRange
 .text.HAL_PWREx_EnableFastWakeUp
                0x08001710       0x1c Drivers/STM32L1xx_HAL_Driver/Src/stm32l1xx_hal_pwr_ex.o
                0x08001710                HAL_PWREx_EnableFastWakeUp
 .text.HAL_PWREx_EnableUltraLowPower
                0x0800172c       0x1c Drivers/STM32L1xx_HAL_Driver/Src/stm32l1xx_hal_pwr_ex.o
                0x0800172c                HAL_PWREx_EnableUltraLowPower
 .text.RCC_SetFlashLatencyFromMSIRange
                0x08001748       0x90 Drivers/STM32L1xx_HAL_Driver/Src/stm32l1xx_hal_rcc.o
 .text.HAL_RCC_OscConfig
                0x080017d8      0x79c Drivers/STM32L1xx_HAL_Driver/Src/stm32l1xx_hal_rcc.o
                0x080017d8                HAL_RCC_OscConfig
 .text.HAL_RCC_GetSysClockFreq
                0x08001f74       0x98 Drivers/STM32L1xx_HAL_Driver/Src/stm32l1xx_hal_rcc.o
                0x08001f74                HAL_RCC_GetSysClockFreq
 .text.HAL_RCC_ClockConfig
                0x0800200c      0x25c Drivers/STM32L1xx_HAL_Driver/Src/stm32l1xx_hal_rcc.o
                0x0800200c                HAL_RCC_ClockConfig
 .text.HAL_RCC_GetHCLKFreq
                0x08002268        0xc Drivers/STM32L1xx_HAL_Driver/Src/stm32l1xx_hal_rcc.o
                0x08002268                HAL_RCC_GetHCLKFreq
 .text.HAL_RCCEx_PeriphCLKConfig
                0x08002274      0x16c Drivers/STM32L1xx_HAL_Driver/Src/stm32l1xx_hal_rcc_ex.o
                0x08002274                HAL_RCCEx_PeriphCLKConfig
 .text.HAL_RTC_MspInit
                0x080023e0        0x4 Drivers/STM32L1xx_HAL_Driver/Src/stm32l1xx_hal_rtc.o
                0x080023e0                HAL_RTC_MspInit
 .text.HAL_RTC_DeactivateAlarm
                0x080023e4       0xc0 Drivers/STM32L1xx_HAL_Driver/Src/stm32l1xx_hal_rtc.o
                0x080023e4                HAL_RTC_DeactivateAlarm
 .text.HAL_RTC_AlarmAEventCallback
                0x080024a4        0x4 Drivers/STM32L1xx_HAL_Driver/Src/stm32l1xx_hal_rtc.o
                0x080024a4                HAL_RTC_AlarmAEventCallback
 .text.HAL_RTC_AlarmIRQHandler
                0x080024a8       0x5c Drivers/STM32L1xx_HAL_Driver/Src/stm32l1xx_hal_rtc.o
                0x080024a8                HAL_RTC_AlarmIRQHandler
 .text.RTC_EnterInitMode
                0x08002504       0x40 Drivers/STM32L1xx_HAL_Driver/Src/stm32l1xx_hal_rtc.o
                0x08002504                RTC_EnterInitMode
 .text.HAL_RTC_Init
                0x08002544       0xa8 Drivers/STM32L1xx_HAL_Driver/Src/stm32l1xx_hal_rtc.o
                0x08002544                HAL_RTC_Init
 .text.RTC_ByteToBcd2
                0x080025ec       0x18 Drivers/STM32L1xx_HAL_Driver/Src/stm32l1xx_hal_rtc.o
                0x080025ec                RTC_ByteToBcd2
 .text.HAL_RTC_SetTime
                0x08002604       0xf4 Drivers/STM32L1xx_HAL_Driver/Src/stm32l1xx_hal_rtc.o
                0x08002604                HAL_RTC_SetTime
 .text.HAL_RTC_SetDate
                0x080026f8       0xd0 Drivers/STM32L1xx_HAL_Driver/Src/stm32l1xx_hal_rtc.o
                0x080026f8                HAL_RTC_SetDate
 .text.RTC_Bcd2ToByte
                0x080027c8       0x14 Drivers/STM32L1xx_HAL_Driver/Src/stm32l1xx_hal_rtc.o
                0x080027c8                RTC_Bcd2ToByte
 .text.HAL_RTC_GetDate
                0x080027dc       0x44 Drivers/STM32L1xx_HAL_Driver/Src/stm32l1xx_hal_rtc.o
                0x080027dc                HAL_RTC_GetDate
 .text.HAL_RTC_GetTime
                0x08002820       0x44 Drivers/STM32L1xx_HAL_Driver/Src/stm32l1xx_hal_rtc_ex.o
                0x08002820                HAL_RTC_GetTime
 .text.HAL_RTC_SetAlarm_IT
                0x08002864      0x198 Drivers/STM32L1xx_HAL_Driver/Src/stm32l1xx_hal_rtc_ex.o
                0x08002864                HAL_RTC_SetAlarm_IT
 .text.HAL_RTC_GetAlarm
                0x080029fc       0x70 Drivers/STM32L1xx_HAL_Driver/Src/stm32l1xx_hal_rtc_ex.o
                0x080029fc                HAL_RTC_GetAlarm
 .text.HAL_RTC_WaitForSynchro
                0x08002a6c       0x34 Drivers/STM32L1xx_HAL_Driver/Src/stm32l1xx_hal_rtc_ex.o
                0x08002a6c                HAL_RTC_WaitForSynchro
 .text.HAL_RTCEx_DeactivateWakeUpTimer
                0x08002aa0       0x74 Drivers/STM32L1xx_HAL_Driver/Src/stm32l1xx_hal_rtc_ex.o
                0x08002aa0                HAL_RTCEx_DeactivateWakeUpTimer
 .text.HAL_RTCEx_AlarmBEventCallback
                0x08002b14        0x4 Drivers/STM32L1xx_HAL_Driver/Src/stm32l1xx_hal_rtc_ex.o
                0x08002b14                HAL_RTCEx_AlarmBEventCallback
 .text.HAL_SPI_MspInit
                0x08002b18        0x4 Drivers/STM32L1xx_HAL_Driver/Src/stm32l1xx_hal_spi.o
                0x08002b18                HAL_SPI_MspInit
 .text.HAL_SPI_MspDeInit
                0x08002b1c        0x4 Drivers/STM32L1xx_HAL_Driver/Src/stm32l1xx_hal_spi.o
                0x08002b1c                HAL_SPI_MspDeInit
 .text.HAL_SPI_DeInit
                0x08002b20       0x28 Drivers/STM32L1xx_HAL_Driver/Src/stm32l1xx_hal_spi.o
                0x08002b20                HAL_SPI_DeInit
 .text.HAL_SPI_Init
                0x08002b48       0x7c Drivers/STM32L1xx_HAL_Driver/Src/stm32l1xx_hal_spi_ex.o
                0x08002b48                HAL_SPI_Init
 .text.UART_Transmit_IT
                0x08002bc4       0x6c Drivers/STM32L1xx_HAL_Driver/Src/stm32l1xx_hal_uart.o
 .text.HAL_UART_Transmit_IT
                0x08002c30       0x68 Drivers/STM32L1xx_HAL_Driver/Src/stm32l1xx_hal_uart.o
                0x08002c30                HAL_UART_Transmit_IT
 .text.HAL_UART_Receive_IT
                0x08002c98       0x80 Drivers/STM32L1xx_HAL_Driver/Src/stm32l1xx_hal_uart.o
                0x08002c98                HAL_UART_Receive_IT
 .text.UART_EndTransmit_IT
                0x08002d18       0x2c Drivers/STM32L1xx_HAL_Driver/Src/stm32l1xx_hal_uart.o
 .text.UART_Receive_IT
                0x08002d44       0xb4 Drivers/STM32L1xx_HAL_Driver/Src/stm32l1xx_hal_uart.o
 .text.HAL_UART_IRQHandler
                0x08002df8       0xc4 Drivers/STM32L1xx_HAL_Driver/Src/stm32l1xx_hal_uart.o
                0x08002df8                HAL_UART_IRQHandler
 .text.RxWindowSetup
                0x08002ebc       0x1c Src/LoRaMac.o
 .text.AddMacCommand
                0x08002ed8      0x158 Src/LoRaMac.o
 .text.ParseMacCommandsToRepeat
                0x08003030       0x5c Src/LoRaMac.o
 .text.ResetMacParameters
                0x0800308c       0xb0 Src/LoRaMac.o
 .text.CalculateBackOff
                0x0800313c       0x5c Src/LoRaMac.o
 .text.ValidatePayloadLength
                0x08003198       0x58 Src/LoRaMac.o
 .text.OnAckTimeoutTimerEvent
                0x080031f0       0x44 Src/LoRaMac.o
 .text.PrepareRxDoneAbort
                0x08003234       0x44 Src/LoRaMac.o
 .text.ProcessMacCommands
                0x08003278      0x308 Src/LoRaMac.o
 .text.OnRadioRxDone
                0x08003580      0x5dc Src/LoRaMac.o
 .text.OnRxWindow2TimerEvent
                0x08003b5c       0x80 Src/LoRaMac.o
 .text.OnRadioRxTimeout
                0x08003bdc       0x8c Src/LoRaMac.o
 .text.OnRadioTxTimeout
                0x08003c68       0x3c Src/LoRaMac.o
 .text.OnRadioRxError
                0x08003ca4       0x84 Src/LoRaMac.o
 .text.OnRadioTxDone
                0x08003d28      0x130 Src/LoRaMac.o
 .text.OnRxWindow1TimerEvent
                0x08003e58       0x78 Src/LoRaMac.o
 .text.PrepareFrame
                0x08003ed0      0x34c Src/LoRaMac.o
                0x08003ed0                PrepareFrame
 .text.SendFrameOnChannel
                0x0800421c       0xbc Src/LoRaMac.o
                0x0800421c                SendFrameOnChannel
 .text.ScheduleTx
                0x080042d8      0x154 Src/LoRaMac.o
 .text.Send     0x0800442c       0x48 Src/LoRaMac.o
                0x0800442c                Send
 .text.OnTxDelayedTimerEvent
                0x08004474       0x80 Src/LoRaMac.o
 .text.OnMacStateCheckTimerEvent
                0x080044f4      0x374 Src/LoRaMac.o
 .text.SetTxContinuousWave
                0x08004868       0x64 Src/LoRaMac.o
                0x08004868                SetTxContinuousWave
 .text.SetTxContinuousWave1
                0x080048cc       0x40 Src/LoRaMac.o
                0x080048cc                SetTxContinuousWave1
 .text.LoRaMacInitialization
                0x0800490c      0x2a4 Src/LoRaMac.o
                0x0800490c                LoRaMacInitialization
 .text.LoRaMacQueryTxPossible
                0x08004bb0       0xe4 Src/LoRaMac.o
                0x08004bb0                LoRaMacQueryTxPossible
 .text.LoRaMacMibGetRequestConfirm
                0x08004c94      0x1d8 Src/LoRaMac.o
                0x08004c94                LoRaMacMibGetRequestConfirm
 .text.LoRaMacMibSetRequestConfirm
                0x08004e6c      0x3c0 Src/LoRaMac.o
                0x08004e6c                LoRaMacMibSetRequestConfirm
 .text.LoRaMacMlmeRequest
                0x0800522c      0x18c Src/LoRaMac.o
                0x0800522c                LoRaMacMlmeRequest
 .text.LoRaMacMcpsRequest
                0x080053b8      0x168 Src/LoRaMac.o
                0x080053b8                LoRaMacMcpsRequest
 .text.LoRaMacComputeMic
                0x08005520       0x8c Src/LoRaMacCrypto.o
                0x08005520                LoRaMacComputeMic
 .text.LoRaMacPayloadEncrypt
                0x080055ac       0xf0 Src/LoRaMacCrypto.o
                0x080055ac                LoRaMacPayloadEncrypt
 .text.LoRaMacPayloadDecrypt
                0x0800569c       0x1c Src/LoRaMacCrypto.o
                0x0800569c                LoRaMacPayloadDecrypt
 .text.LoRaMacJoinComputeMic
                0x080056b8       0x58 Src/LoRaMacCrypto.o
                0x080056b8                LoRaMacJoinComputeMic
 .text.LoRaMacJoinDecrypt
                0x08005710       0x48 Src/LoRaMacCrypto.o
                0x08005710                LoRaMacJoinDecrypt
 .text.LoRaMacJoinComputeSKeys
                0x08005758       0x94 Src/LoRaMacCrypto.o
                0x08005758                LoRaMacJoinComputeSKeys
 .text.RegionIsActive
                0x080057ec        0xc Src/Region.o
                0x080057ec                RegionIsActive
 .text.RegionGetPhyParam
                0x080057f8       0x14 Src/Region.o
                0x080057f8                RegionGetPhyParam
 .text.RegionSetBandTxDone
                0x0800580c       0x10 Src/Region.o
                0x0800580c                RegionSetBandTxDone
 .text.RegionInitDefaults
                0x0800581c       0x10 Src/Region.o
                0x0800581c                RegionInitDefaults
 .text.RegionVerify
                0x0800582c       0x14 Src/Region.o
                0x0800582c                RegionVerify
 .text.RegionApplyCFList
                0x08005840       0x10 Src/Region.o
                0x08005840                RegionApplyCFList
 .text.RegionChanMaskSet
                0x08005850       0x14 Src/Region.o
                0x08005850                RegionChanMaskSet
 .text.RegionAdrNext
                0x08005864       0x1c Src/Region.o
                0x08005864                RegionAdrNext
 .text.RegionComputeRxWindowParameters
                0x08005880       0x1c Src/Region.o
                0x08005880                RegionComputeRxWindowParameters
 .text.RegionRxConfig
                0x0800589c       0x14 Src/Region.o
                0x0800589c                RegionRxConfig
 .text.RegionTxConfig
                0x080058b0       0x18 Src/Region.o
                0x080058b0                RegionTxConfig
 .text.RegionLinkAdrReq
                0x080058c8       0x28 Src/Region.o
                0x080058c8                RegionLinkAdrReq
 .text.RegionRxParamSetupReq
                0x080058f0       0x14 Src/Region.o
                0x080058f0                RegionRxParamSetupReq
 .text.RegionNewChannelReq
                0x08005904       0x14 Src/Region.o
                0x08005904                RegionNewChannelReq
 .text.RegionTxParamSetupReq
                0x08005918       0x14 Src/Region.o
                0x08005918                RegionTxParamSetupReq
 .text.RegionDlChannelReq
                0x0800592c       0x14 Src/Region.o
                0x0800592c                RegionDlChannelReq
 .text.RegionAlternateDr
                0x08005940       0x14 Src/Region.o
                0x08005940                RegionAlternateDr
 .text.RegionCalcBackOff
                0x08005954       0x10 Src/Region.o
                0x08005954                RegionCalcBackOff
 .text.RegionNextChannel
                0x08005964       0x1c Src/Region.o
                0x08005964                RegionNextChannel
 .text.RegionSetContinuousWave
                0x08005980       0x10 Src/Region.o
                0x08005980                RegionSetContinuousWave
 .text.RegionApplyDrOffset
                0x08005990       0x18 Src/Region.o
                0x08005990                RegionApplyDrOffset
 .text.CountChannels
                0x080059a8       0x24 Src/RegionCommon.o
 .text.RegionCommonGetJoinDc
                0x080059cc       0x24 Src/RegionCommon.o
                0x080059cc                RegionCommonGetJoinDc
 .text.RegionCommonValueInRange
                0x080059f0       0x14 Src/RegionCommon.o
                0x080059f0                RegionCommonValueInRange
 .text.RegionCommonChanVerifyDr
                0x08005a04       0x74 Src/RegionCommon.o
                0x08005a04                RegionCommonChanVerifyDr
 .text.RegionCommonChanDisable
                0x08005a78       0x34 Src/RegionCommon.o
                0x08005a78                RegionCommonChanDisable
 .text.RegionCommonCountChannels
                0x08005aac       0x2c Src/RegionCommon.o
                0x08005aac                RegionCommonCountChannels
 .text.RegionCommonChanMaskCopy
                0x08005ad8       0x24 Src/RegionCommon.o
                0x08005ad8                RegionCommonChanMaskCopy
 .text.RegionCommonSetBandTxDone
                0x08005afc        0xc Src/RegionCommon.o
                0x08005afc                RegionCommonSetBandTxDone
 .text.RegionCommonUpdateBandTimeOff
                0x08005b08       0xcc Src/RegionCommon.o
                0x08005b08                RegionCommonUpdateBandTimeOff
 .text.RegionCommonParseLinkAdrReq
                0x08005bd4       0x34 Src/RegionCommon.o
                0x08005bd4                RegionCommonParseLinkAdrReq
 .text.RegionCommonLinkAdrReqVerifyParams
                0x08005c08       0x9c Src/RegionCommon.o
                0x08005c08                RegionCommonLinkAdrReqVerifyParams
 .text.RegionCommonComputeSymbolTimeLoRa
                0x08005ca4       0x34 Src/RegionCommon.o
                0x08005ca4                RegionCommonComputeSymbolTimeLoRa
 .text.RegionCommonComputeSymbolTimeFsk
                0x08005cd8       0x18 Src/RegionCommon.o
                0x08005cd8                RegionCommonComputeSymbolTimeFsk
 .text.RegionCommonComputeRxWindowParameters
                0x08005cf0       0xa8 Src/RegionCommon.o
                0x08005cf0                RegionCommonComputeRxWindowParameters
 .text.RegionCommonComputeTxPower
                0x08005d98       0x2c Src/RegionCommon.o
                0x08005d98                RegionCommonComputeTxPower
 .text.RegionCommonCalcBackOff
                0x08005dc4       0x70 Src/RegionCommon.o
                0x08005dc4                RegionCommonCalcBackOff
 .text.GetNextLowerTxDr
                0x08005e34       0x18 Src/RegionIN865.o
 .text.GetBandwidth
                0x08005e4c       0x2c Src/RegionIN865.o
 .text.LimitTxPower
                0x08005e78        0x8 Src/RegionIN865.o
 .text.VerifyTxFreq
                0x08005e80       0x2c Src/RegionIN865.o
 .text.CountNbOfEnabledChannels
                0x08005eac       0xb4 Src/RegionIN865.o
 .text.RegionIN865GetPhyParam
                0x08005f60       0xd0 Src/RegionIN865.o
                0x08005f60                RegionIN865GetPhyParam
 .text.RegionIN865SetBandTxDone
                0x08006030       0x28 Src/RegionIN865.o
                0x08006030                RegionIN865SetBandTxDone
 .text.RegionIN865InitDefaults
                0x08006058       0x60 Src/RegionIN865.o
                0x08006058                RegionIN865InitDefaults
 .text.RegionIN865Verify
                0x080060b8       0x90 Src/RegionIN865.o
                0x080060b8                RegionIN865Verify
 .text.RegionIN865ChanMaskSet
                0x08006148       0x34 Src/RegionIN865.o
                0x08006148                RegionIN865ChanMaskSet
 .text.RegionIN865AdrNext
                0x0800617c       0x84 Src/RegionIN865.o
                0x0800617c                RegionIN865AdrNext
 .text.RegionIN865ComputeRxWindowParameters
                0x08006200       0x5c Src/RegionIN865.o
                0x08006200                RegionIN865ComputeRxWindowParameters
 .text.RegionIN865RxConfig
                0x0800625c       0xf8 Src/RegionIN865.o
                0x0800625c                RegionIN865RxConfig
 .text.RegionIN865TxConfig
                0x08006354      0x108 Src/RegionIN865.o
                0x08006354                RegionIN865TxConfig
 .text.RegionIN865LinkAdrReq
                0x0800645c      0x15c Src/RegionIN865.o
                0x0800645c                RegionIN865LinkAdrReq
 .text.RegionIN865RxParamSetupReq
                0x080065b8       0x40 Src/RegionIN865.o
                0x080065b8                RegionIN865RxParamSetupReq
 .text.RegionIN865TxParamSetupReq
                0x080065f8        0x8 Src/RegionIN865.o
                0x080065f8                RegionIN865TxParamSetupReq
 .text.RegionIN865DlChannelReq
                0x08006600       0x4c Src/RegionIN865.o
                0x08006600                RegionIN865DlChannelReq
 .text.RegionIN865AlternateDr
                0x0800664c       0x58 Src/RegionIN865.o
                0x0800664c                RegionIN865AlternateDr
 .text.RegionIN865CalcBackOff
                0x080066a4       0x40 Src/RegionIN865.o
                0x080066a4                RegionIN865CalcBackOff
 .text.RegionIN865NextChannel
                0x080066e4       0xcc Src/RegionIN865.o
                0x080066e4                RegionIN865NextChannel
 .text.RegionIN865ChannelAdd
                0x080067b0       0xec Src/RegionIN865.o
                0x080067b0                RegionIN865ChannelAdd
 .text.RegionIN865ChannelsRemove
                0x0800689c       0x2c Src/RegionIN865.o
                0x0800689c                RegionIN865ChannelsRemove
 .text.RegionIN865ApplyCFList
                0x080068c8       0x78 Src/RegionIN865.o
                0x080068c8                RegionIN865ApplyCFList
 .text.RegionIN865NewChannelReq
                0x08006940       0x5c Src/RegionIN865.o
                0x08006940                RegionIN865NewChannelReq
 .text.RegionIN865SetContinuousWave
                0x0800699c       0x54 Src/RegionIN865.o
                0x0800699c                RegionIN865SetContinuousWave
 .text.RegionIN865ApplyDrOffset
                0x080069f0       0x20 Src/RegionIN865.o
                0x080069f0                RegionIN865ApplyDrOffset
 .text.AdcMcuInit
                0x08006a10       0x4c Src/adc-board.o
                0x08006a10                AdcMcuInit
 .text.AdcMcuConfig
                0x08006a5c       0x30 Src/adc-board.o
                0x08006a5c                AdcMcuConfig
 .text.AdcMcuReadChannel
                0x08006a8c       0xd8 Src/adc-board.o
                0x08006a8c                AdcMcuReadChannel
 .text.AdcInit  0x08006b64       0x1c Src/adc.o
                0x08006b64                AdcInit
 .text.AdcDeInit
                0x08006b80        0xc Src/adc.o
                0x08006b80                AdcDeInit
 .text.copy_block
                0x08006b8c       0x44 Src/aes.o
 .text.copy_block_nn
                0x08006bd0       0x18 Src/aes.o
 .text.xor_block
                0x08006be8       0x84 Src/aes.o
 .text.copy_and_key
                0x08006c6c       0x88 Src/aes.o
 .text.add_round_key
                0x08006cf4        0x8 Src/aes.o
 .text.shift_sub_rows
                0x08006cfc       0x68 Src/aes.o
 .text.mix_sub_columns
                0x08006d64      0x1e0 Src/aes.o
 .text.aes_set_key
                0x08006f44      0x100 Src/aes.o
                0x08006f44                aes_set_key
 .text.aes_encrypt
                0x08007044       0x58 Src/aes.o
                0x08007044                aes_encrypt
 .text.OnCalibrateSystemWakeupTimeTimerEvent
                0x0800709c        0xc Src/board.o
 .text.SystemClockConfig
                0x080070a8       0xa8 Src/board.o
 .text.SystemClockReConfig
                0x08007150       0xb4 Src/board.o
 .text.CalibrateSystemWakeupTime
                0x08007204       0x40 Src/board.o
 .text.BoardDisableIrq
                0x08007244       0x10 Src/board.o
                0x08007244                BoardDisableIrq
 .text.BoardEnableIrq
                0x08007254       0x14 Src/board.o
                0x08007254                BoardEnableIrq
 .text.BoardInitPeriph
                0x08007268       0x6c Src/board.o
                0x08007268                BoardInitPeriph
 .text.BoardDeInitMcu
                0x080072d4       0x68 Src/board.o
                0x080072d4                BoardDeInitMcu
 .text.BoardMeasurePotiLevel
                0x0800733c       0x1c Src/board.o
                0x0800733c                BoardMeasurePotiLevel
 .text.BoardBatteryMeasureVolage
                0x08007358       0x1c Src/board.o
                0x08007358                BoardBatteryMeasureVolage
 .text.BoardGetBatteryVoltage
                0x08007374        0xc Src/board.o
                0x08007374                BoardGetBatteryVoltage
 .text.SysTick_Handler
                0x08007380        0xc Src/board.o
                0x08007380                SysTick_Handler
 .text.GetBoardPowerSource
                0x0800738c        0x4 Src/board.o
                0x0800738c                GetBoardPowerSource
 .text.BoardUnusedIoInit
                0x08007390       0x94 Src/board.o
 .text.BoardInitMcu
                0x08007424       0x68 Src/board.o
                0x08007424                BoardInitMcu
 .text.BoardGetBatteryLevel
                0x0800748c       0x68 Src/board.o
                0x0800748c                BoardGetBatteryLevel
 .text.AES_CMAC_Init
                0x080074f4       0x20 Src/cmac.o
                0x080074f4                AES_CMAC_Init
 .text.AES_CMAC_SetKey
                0x08007514       0x10 Src/cmac.o
                0x08007514                AES_CMAC_SetKey
 .text.AES_CMAC_Update
                0x08007524       0xbc Src/cmac.o
                0x08007524                AES_CMAC_Update
 .text.AES_CMAC_Final
                0x080075e0      0x19c Src/cmac.o
                0x080075e0                AES_CMAC_Final
 .text.DelayMs  0x0800777c        0x8 Src/delay.o
                0x0800777c                DelayMs
 .text.FifoNext
                0x08007784       0x10 Src/fifo.o
 .text.FifoPush
                0x08007794       0x14 Src/fifo.o
                0x08007794                FifoPush
 .text.FifoPop  0x080077a8       0x14 Src/fifo.o
                0x080077a8                FifoPop
 .text.IsFifoEmpty
                0x080077bc       0x10 Src/fifo.o
                0x080077bc                IsFifoEmpty
 .text.IsFifoFull
                0x080077cc       0x18 Src/fifo.o
                0x080077cc                IsFifoFull
 .text.GpioMcuSetInterrupt
                0x080077e4       0xf8 Src/gpio-board.o
                0x080077e4                GpioMcuSetInterrupt
 .text.GpioMcuWrite
                0x080078dc       0x18 Src/gpio-board.o
                0x080078dc                GpioMcuWrite
 .text.GpioMcuInit
                0x080078f4      0x128 Src/gpio-board.o
                0x080078f4                GpioMcuInit
 .text.EXTI0_IRQHandler
                0x08007a1c       0x10 Src/gpio-board.o
                0x08007a1c                EXTI0_IRQHandler
 .text.EXTI1_IRQHandler
                0x08007a2c       0x10 Src/gpio-board.o
                0x08007a2c                EXTI1_IRQHandler
 .text.EXTI2_IRQHandler
                0x08007a3c       0x10 Src/gpio-board.o
                0x08007a3c                EXTI2_IRQHandler
 .text.EXTI3_IRQHandler
                0x08007a4c       0x10 Src/gpio-board.o
                0x08007a4c                EXTI3_IRQHandler
 .text.EXTI4_IRQHandler
                0x08007a5c       0x10 Src/gpio-board.o
                0x08007a5c                EXTI4_IRQHandler
 .text.EXTI9_5_IRQHandler
                0x08007a6c       0x2c Src/gpio-board.o
                0x08007a6c                EXTI9_5_IRQHandler
 .text.EXTI15_10_IRQHandler
                0x08007a98       0x38 Src/gpio-board.o
                0x08007a98                EXTI15_10_IRQHandler
 .text.HAL_GPIO_EXTI_Callback
                0x08007ad0       0x28 Src/gpio-board.o
                0x08007ad0                HAL_GPIO_EXTI_Callback
 .text.GpioInit
                0x08007af8       0x20 Src/gpio.o
                0x08007af8                GpioInit
 .text.GpioSetInterrupt
                0x08007b18       0x14 Src/gpio.o
                0x08007b18                GpioSetInterrupt
 .text.GpioWrite
                0x08007b2c       0x14 Src/gpio.o
                0x08007b2c                GpioWrite
 .text.MlmeConfirm
                0x08007b40       0x4c Src/main.o
 .text.OnLed2TimerEvent
                0x08007b8c       0x1c Src/main.o
 .text.OnLed4TimerEvent
                0x08007ba8       0x1c Src/main.o
 .text.McpsIndication
                0x08007bc4      0x240 Src/main.o
 .text.McpsConfirm
                0x08007e04       0x28 Src/main.o
 .text.OnTxNextPacketTimerEvent
                0x08007e2c       0x44 Src/main.o
 .text.PrepareTxFrame
                0x08007e70       0x9c Src/main.o
 .text.SendFrame
                0x08007f0c       0x88 Src/main.o
 .text.main     0x08007f94      0x164 Src/main.o
                0x08007f94                main
 .text.RtcCheckCalendarRollOver
                0x080080f8       0x2c Src/rtc-board.o
 .text.RtcGetCalendar
                0x08008124       0x44 Src/rtc-board.o
 .text.RtcComputeTimerTimeToAlarmTick
                0x08008168      0x200 Src/rtc-board.o
 .text.RtcStartWakeUpAlarm
                0x08008368       0x8c Src/rtc-board.o
 *fill*         0x080083f4        0x4 
 .text.RtcConvertCalendarTickToTimerTime
                0x080083f8      0x134 Src/rtc-board.o
 .text.RtcComputeWakeUpTime
                0x0800852c       0x84 Src/rtc-board.o
 .text.RtcInit  0x080085b0       0xa0 Src/rtc-board.o
                0x080085b0                RtcInit
 .text.RtcSetTimeout
                0x08008650        0x8 Src/rtc-board.o
                0x08008650                RtcSetTimeout
 .text.RtcGetAdjustedTimeoutValue
                0x08008658       0x48 Src/rtc-board.o
                0x08008658                RtcGetAdjustedTimeoutValue
 .text.RtcGetTimerValue
                0x080086a0        0xc Src/rtc-board.o
                0x080086a0                RtcGetTimerValue
 .text.RtcGetElapsedAlarmTime
                0x080086ac       0x24 Src/rtc-board.o
                0x080086ac                RtcGetElapsedAlarmTime
 .text.RtcComputeElapsedTime
                0x080086d0       0x20 Src/rtc-board.o
                0x080086d0                RtcComputeElapsedTime
 .text.RtcEnterLowPowerStopMode
                0x080086f0       0x40 Src/rtc-board.o
                0x080086f0                RtcEnterLowPowerStopMode
 .text.RtcRecoverMcuStatus
                0x08008730       0x48 Src/rtc-board.o
                0x08008730                RtcRecoverMcuStatus
 .text.BlockLowPowerDuringTask
                0x08008778       0x18 Src/rtc-board.o
                0x08008778                BlockLowPowerDuringTask
 .text.RTC_Alarm_IRQHandler
                0x08008790       0x2c Src/rtc-board.o
                0x08008790                RTC_Alarm_IRQHandler
 .text.SpiDeInit
                0x080087bc       0x5c Src/spi-board.o
                0x080087bc                SpiDeInit
 .text.SpiFormat
                0x08008818       0x38 Src/spi-board.o
                0x08008818                SpiFormat
 .text.SpiFrequency
                0x08008850       0x44 Src/spi-board.o
                0x08008850                SpiFrequency
 .text.SpiInit  0x08008894      0x1a0 Src/spi-board.o
                0x08008894                SpiInit
 .text.SpiInOut
                0x08008a34       0x38 Src/spi-board.o
                0x08008a34                SpiInOut
 .text.SX1272CheckRfFrequency
                0x08008a6c        0x4 Src/sx1272-board.o
                0x08008a6c                SX1272CheckRfFrequency
 .text.SX1272IoInit
                0x08008a70       0x90 Src/sx1272-board.o
                0x08008a70                SX1272IoInit
 .text.SX1272IoIrqInit
                0x08008b00       0x60 Src/sx1272-board.o
                0x08008b00                SX1272IoIrqInit
 .text.SX1272IoDeInit
                0x08008b60       0x8c Src/sx1272-board.o
                0x08008b60                SX1272IoDeInit
 .text.SX1272GetPaSelect
                0x08008bec        0x4 Src/sx1272-board.o
                0x08008bec                SX1272GetPaSelect
 .text.SX1272SetRfTxPower
                0x08008bf0       0xb4 Src/sx1272-board.o
                0x08008bf0                SX1272SetRfTxPower
 .text.SX1272AntSwInit
                0x08008ca4       0x34 Src/sx1272-board.o
                0x08008ca4                SX1272AntSwInit
 .text.SX1272AntSwDeInit
                0x08008cd8       0x34 Src/sx1272-board.o
                0x08008cd8                SX1272AntSwDeInit
 .text.SX1272SetAntSwLowPower
                0x08008d0c       0x20 Src/sx1272-board.o
                0x08008d0c                SX1272SetAntSwLowPower
 .text.SX1272SetAntSw
                0x08008d2c       0x34 Src/sx1272-board.o
                0x08008d2c                SX1272SetAntSw
 .text.GetFskBandwidthRegValue
                0x08008d60       0x38 Src/sx1272.o
 .text.SX1272OnDio4Irq
                0x08008d98       0x20 Src/sx1272.o
                0x08008d98                SX1272OnDio4Irq
 .text.SX1272GetStatus
                0x08008db8        0xc Src/sx1272.o
                0x08008db8                SX1272GetStatus
 .text.SX1272Reset
                0x08008dc4       0x40 Src/sx1272.o
                0x08008dc4                SX1272Reset
 .text.SX1272WriteBuffer
                0x08008e04       0x44 Src/sx1272.o
                0x08008e04                SX1272WriteBuffer
 .text.SX1272Write
                0x08008e48       0x18 Src/sx1272.o
                0x08008e48                SX1272Write
 .text.SX1272SetChannel
                0x08008e60       0x4c Src/sx1272.o
                0x08008e60                SX1272SetChannel
 .text.SX1272ReadBuffer
                0x08008eac       0x48 Src/sx1272.o
                0x08008eac                SX1272ReadBuffer
 .text.SX1272Read
                0x08008ef4       0x18 Src/sx1272.o
                0x08008ef4                SX1272Read
 *fill*         0x08008f0c        0x4 
 .text.SX1272GetTimeOnAir
                0x08008f10      0x23c Src/sx1272.o
                0x08008f10                SX1272GetTimeOnAir
 .text.SX1272ReadRssi
                0x0800914c       0x2c Src/sx1272.o
                0x0800914c                SX1272ReadRssi
 .text.SX1272SetOpMode
                0x08009178       0x34 Src/sx1272.o
                0x08009178                SX1272SetOpMode
 .text.SX1272SetSleep
                0x080091ac       0x2c Src/sx1272.o
                0x080091ac                SX1272SetSleep
 .text.SX1272SetStby
                0x080091d8       0x2c Src/sx1272.o
                0x080091d8                SX1272SetStby
 .text.SX1272SetRx
                0x08009204      0x16c Src/sx1272.o
                0x08009204                SX1272SetRx
 .text.SX1272SetTx
                0x08009370       0xb0 Src/sx1272.o
                0x08009370                SX1272SetTx
 .text.SX1272StartCad
                0x08009420       0x38 Src/sx1272.o
                0x08009420                SX1272StartCad
 .text.SX1272SetModem
                0x08009458       0x88 Src/sx1272.o
                0x08009458                SX1272SetModem
 .text.SX1272Init
                0x080094e0       0x8c Src/sx1272.o
                0x080094e0                SX1272Init
 .text.SX1272IsChannelFree
                0x0800956c       0x38 Src/sx1272.o
                0x0800956c                SX1272IsChannelFree
 .text.SX1272Random
                0x080095a4       0x40 Src/sx1272.o
                0x080095a4                SX1272Random
 *fill*         0x080095e4        0x4 
 .text.SX1272SetRxConfig
                0x080095e8      0x2a8 Src/sx1272.o
                0x080095e8                SX1272SetRxConfig
 .text.SX1272SetTxConfig
                0x08009890      0x24c Src/sx1272.o
                0x08009890                SX1272SetTxConfig
 .text.SX1272SetTxContinuousWave
                0x08009adc       0x94 Src/sx1272.o
                0x08009adc                SX1272SetTxContinuousWave
 .text.SX1272OnDio2Irq
                0x08009b70       0xfc Src/sx1272.o
                0x08009b70                SX1272OnDio2Irq
 .text.SX1272OnDio3Irq
                0x08009c6c       0x54 Src/sx1272.o
                0x08009c6c                SX1272OnDio3Irq
 .text.SX1272WriteFifo
                0x08009cc0       0x10 Src/sx1272.o
                0x08009cc0                SX1272WriteFifo
 .text.SX1272Send
                0x08009cd0      0x120 Src/sx1272.o
                0x08009cd0                SX1272Send
 .text.SX1272ReadFifo
                0x08009df0       0x10 Src/sx1272.o
                0x08009df0                SX1272ReadFifo
 .text.SX1272OnDio0Irq
                0x08009e00      0x2a8 Src/sx1272.o
                0x08009e00                SX1272OnDio0Irq
 .text.SX1272OnDio1Irq
                0x0800a0a8      0x118 Src/sx1272.o
                0x0800a0a8                SX1272OnDio1Irq
 .text.SX1272SetMaxPayloadLength
                0x0800a1c0       0x34 Src/sx1272.o
                0x0800a1c0                SX1272SetMaxPayloadLength
 .text.SX1272SetPublicNetwork
                0x0800a1f4       0x2c Src/sx1272.o
                0x0800a1f4                SX1272SetPublicNetwork
 .text.SX1272OnTimeoutIrq
                0x0800a220       0xe4 Src/sx1272.o
                0x0800a220                SX1272OnTimeoutIrq
 .text.NMI_Handler
                0x0800a304        0x4 Src/sysIrqHandlers.o
                0x0800a304                NMI_Handler
 .text.MemManage_Handler
                0x0800a308        0x4 Src/sysIrqHandlers.o
                0x0800a308                MemManage_Handler
 .text.BusFault_Handler
                0x0800a30c        0x4 Src/sysIrqHandlers.o
                0x0800a30c                BusFault_Handler
 .text.UsageFault_Handler
                0x0800a310        0x4 Src/sysIrqHandlers.o
                0x0800a310                UsageFault_Handler
 .text.DebugMon_Handler
                0x0800a314        0x4 Src/sysIrqHandlers.o
                0x0800a314                DebugMon_Handler
 .text.SystemInit
                0x0800a318       0x48 Src/system_stm32l1xx.o
                0x0800a318                SystemInit
 .text.TimerInsertTimer
                0x0800a360       0x5c Src/timer.o
 .text.TimerExists
                0x0800a3bc       0x1c Src/timer.o
 .text.TimerSetTimeout
                0x0800a3d8       0x1c Src/timer.o
 .text.TimerInsertNewHeadTimer
                0x0800a3f4       0x28 Src/timer.o
 .text.TimerInit
                0x0800a41c       0x10 Src/timer.o
                0x0800a41c                TimerInit
 .text.TimerGetValue
                0x0800a42c        0x8 Src/timer.o
                0x0800a42c                TimerGetValue
 .text.TimerStart
                0x0800a434       0x68 Src/timer.o
                0x0800a434                TimerStart
 .text.TimerIrqHandler
                0x0800a49c       0x54 Src/timer.o
                0x0800a49c                TimerIrqHandler
 .text.TimerStop
                0x0800a4f0       0xa0 Src/timer.o
                0x0800a4f0                TimerStop
 .text.TimerSetValue
                0x0800a590       0x10 Src/timer.o
                0x0800a590                TimerSetValue
 .text.TimerGetCurrentTime
                0x0800a5a0        0x8 Src/timer.o
                0x0800a5a0                TimerGetCurrentTime
 .text.TimerGetElapsedTime
                0x0800a5a8        0x8 Src/timer.o
                0x0800a5a8                TimerGetElapsedTime
 .text.TimerLowPowerHandler
                0x0800a5b0       0x3c Src/timer.o
                0x0800a5b0                TimerLowPowerHandler
 .text.HAL_UART_TxCpltCallback
                0x0800a5ec       0x3c Src/uart-board.o
                0x0800a5ec                HAL_UART_TxCpltCallback
 .text.HAL_UART_RxCpltCallback
                0x0800a628       0x3c Src/uart-board.o
                0x0800a628                HAL_UART_RxCpltCallback
 .text.HAL_UART_ErrorCallback
                0x0800a664       0x18 Src/uart-board.o
                0x0800a664                HAL_UART_ErrorCallback
 .text.USART1_IRQHandler
                0x0800a67c       0x10 Src/uart-board.o
                0x0800a67c                USART1_IRQHandler
 .text.rand1    0x0800a68c       0x30 Src/utilities.o
                0x0800a68c                rand1
 .text.srand1   0x0800a6bc        0xc Src/utilities.o
                0x0800a6bc                srand1
 .text.randr    0x0800a6c8       0x1c Src/utilities.o
                0x0800a6c8                randr
 .text.memcpy1  0x0800a6e4       0x18 Src/utilities.o
                0x0800a6e4                memcpy1
 .text.memcpyr  0x0800a6fc       0x1c Src/utilities.o
                0x0800a6fc                memcpyr
 .text.memset1  0x0800a718       0x14 Src/utilities.o
                0x0800a718                memset1
 .text.Reset_Handler
                0x0800a72c       0x48 startup/startup_stm32l151xb.o
                0x0800a72c                Reset_Handler
 .text.Default_Handler
                0x0800a774        0x2 startup/startup_stm32l151xb.o
                0x0800a774                HardFault_Handler
                0x0800a774                TIM10_IRQHandler
                0x0800a774                USB_HP_IRQHandler
                0x0800a774                TIM6_IRQHandler
                0x0800a774                PVD_IRQHandler
                0x0800a774                PendSV_Handler
                0x0800a774                I2C2_EV_IRQHandler
                0x0800a774                SPI1_IRQHandler
                0x0800a774                USB_FS_WKUP_IRQHandler
                0x0800a774                DMA1_Channel4_IRQHandler
                0x0800a774                ADC1_IRQHandler
                0x0800a774                USART3_IRQHandler
                0x0800a774                DMA1_Channel7_IRQHandler
                0x0800a774                TIM4_IRQHandler
                0x0800a774                I2C1_EV_IRQHandler
                0x0800a774                DMA1_Channel6_IRQHandler
                0x0800a774                TIM3_IRQHandler
                0x0800a774                RCC_IRQHandler
                0x0800a774                DMA1_Channel1_IRQHandler
                0x0800a774                Default_Handler
                0x0800a774                TIM7_IRQHandler
                0x0800a774                TIM9_IRQHandler
                0x0800a774                TAMPER_STAMP_IRQHandler
                0x0800a774                RTC_WKUP_IRQHandler
                0x0800a774                SPI2_IRQHandler
                0x0800a774                SVC_Handler
                0x0800a774                DMA1_Channel5_IRQHandler
                0x0800a774                USB_LP_IRQHandler
                0x0800a774                DMA1_Channel3_IRQHandler
                0x0800a774                COMP_IRQHandler
                0x0800a774                WWDG_IRQHandler
                0x0800a774                TIM2_IRQHandler
                0x0800a774                DAC_IRQHandler
                0x0800a774                TIM11_IRQHandler
                0x0800a774                USART2_IRQHandler
                0x0800a774                I2C2_ER_IRQHandler
                0x0800a774                DMA1_Channel2_IRQHandler
                0x0800a774                FLASH_IRQHandler
                0x0800a774                I2C1_ER_IRQHandler
 *fill*         0x0800a776        0x2 
 .text.ceil     0x0800a778      0x110 /home/thepro/Ac6/SystemWorkbench/plugins/fr.ac6.mcu.externaltools.arm-none.linux64_1.13.1.201707031232/tools/compiler/bin/../lib/gcc/arm-none-eabi/5.4.1/../../../../arm-none-eabi/lib/armv7-m/libm.a(lib_a-s_ceil.o)
                0x0800a778                ceil
 .text.floor    0x0800a888      0x110 /home/thepro/Ac6/SystemWorkbench/plugins/fr.ac6.mcu.externaltools.arm-none.linux64_1.13.1.201707031232/tools/compiler/bin/../lib/gcc/arm-none-eabi/5.4.1/../../../../arm-none-eabi/lib/armv7-m/libm.a(lib_a-s_floor.o)
                0x0800a888                floor
 .text.round    0x0800a998       0xa0 /home/thepro/Ac6/SystemWorkbench/plugins/fr.ac6.mcu.externaltools.arm-none.linux64_1.13.1.201707031232/tools/compiler/bin/../lib/gcc/arm-none-eabi/5.4.1/../../../../arm-none-eabi/lib/armv7-m/libm.a(lib_a-s_round.o)
                0x0800a998                round
 .text.__libc_init_array
                0x0800aa38       0x4c /home/thepro/Ac6/SystemWorkbench/plugins/fr.ac6.mcu.externaltools.arm-none.linux64_1.13.1.201707031232/tools/compiler/bin/../lib/gcc/arm-none-eabi/5.4.1/../../../../arm-none-eabi/lib/armv7-m/libc_nano.a(lib_a-init.o)
                0x0800aa38                __libc_init_array
 .text.memset   0x0800aa84       0x10 /home/thepro/Ac6/SystemWorkbench/plugins/fr.ac6.mcu.externaltools.arm-none.linux64_1.13.1.201707031232/tools/compiler/bin/../lib/gcc/arm-none-eabi/5.4.1/../../../../arm-none-eabi/lib/armv7-m/libc_nano.a(lib_a-memset.o)
                0x0800aa84                memset
 *(.glue_7)
 .glue_7        0x0800aa94        0x0 linker stubs
 *(.glue_7t)
 .glue_7t       0x0800aa94        0x0 linker stubs
 *(.eh_frame)
 .eh_frame      0x0800aa94        0x0 /home/thepro/Ac6/SystemWorkbench/plugins/fr.ac6.mcu.externaltools.arm-none.linux64_1.13.1.201707031232/tools/compiler/bin/../lib/gcc/arm-none-eabi/5.4.1/armv7-m/crtbegin.o
 *(.init)
 .init          0x0800aa94        0x4 /home/thepro/Ac6/SystemWorkbench/plugins/fr.ac6.mcu.externaltools.arm-none.linux64_1.13.1.201707031232/tools/compiler/bin/../lib/gcc/arm-none-eabi/5.4.1/armv7-m/crti.o
                0x0800aa94                _init
 .init          0x0800aa98        0x8 /home/thepro/Ac6/SystemWorkbench/plugins/fr.ac6.mcu.externaltools.arm-none.linux64_1.13.1.201707031232/tools/compiler/bin/../lib/gcc/arm-none-eabi/5.4.1/armv7-m/crtn.o
 *(.fini)
 .fini          0x0800aaa0        0x4 /home/thepro/Ac6/SystemWorkbench/plugins/fr.ac6.mcu.externaltools.arm-none.linux64_1.13.1.201707031232/tools/compiler/bin/../lib/gcc/arm-none-eabi/5.4.1/armv7-m/crti.o
                0x0800aaa0                _fini
 .fini          0x0800aaa4        0x8 /home/thepro/Ac6/SystemWorkbench/plugins/fr.ac6.mcu.externaltools.arm-none.linux64_1.13.1.201707031232/tools/compiler/bin/../lib/gcc/arm-none-eabi/5.4.1/armv7-m/crtn.o
                0x0800aaac                . = ALIGN (0x4)
                0x0800aaac                _etext = .

.vfp11_veneer   0x0800aaac        0x0
 .vfp11_veneer  0x0800aaac        0x0 linker stubs

.v4_bx          0x0800aaac        0x0
 .v4_bx         0x0800aaac        0x0 linker stubs

.iplt           0x0800aaac        0x0
 .iplt          0x0800aaac        0x0 /home/thepro/Ac6/SystemWorkbench/plugins/fr.ac6.mcu.externaltools.arm-none.linux64_1.13.1.201707031232/tools/compiler/bin/../lib/gcc/arm-none-eabi/5.4.1/armv7-m/crtbegin.o

.rodata         0x0800aaac      0x4f0
                0x0800aaac                . = ALIGN (0x4)
 *(.rodata)
 .rodata        0x0800aaac       0x10 Src/LoRaMac.o
 .rodata        0x0800aabc       0x64 Src/RegionIN865.o
 .rodata        0x0800ab20      0x300 Src/aes.o
 .rodata        0x0800ae20       0x18 Src/rtc-board.o
 .rodata        0x0800ae38       0x5c Src/sx1272-board.o
                0x0800ae38                Radio
 .rodata        0x0800ae94       0xe3 Src/sx1272.o
                0x0800ae94                FskBandwidths
                0x0800af44                RadioRegsInit
 *fill*         0x0800af77        0x1 
 .rodata        0x0800af78       0x24 Src/system_stm32l1xx.o
                0x0800af78                PLLMulTable
                0x0800af84                AHBPrescTable
                0x0800af94                APBPrescTable
 *(.rodata*)
                0x0800af9c                . = ALIGN (0x4)

.rel.dyn        0x0800af9c        0x0
 .rel.iplt      0x0800af9c        0x0 /home/thepro/Ac6/SystemWorkbench/plugins/fr.ac6.mcu.externaltools.arm-none.linux64_1.13.1.201707031232/tools/compiler/bin/../lib/gcc/arm-none-eabi/5.4.1/armv7-m/crtbegin.o

.ARM.extab
 *(.ARM.extab* .gnu.linkonce.armextab.*)

.ARM            0x0800af9c        0x0
                0x0800af9c                __exidx_start = .
 *(.ARM.exidx*)
                0x0800af9c                __exidx_end = .

.preinit_array  0x0800af9c        0x0
                0x0800af9c                PROVIDE (__preinit_array_start, .)
 *(.preinit_array*)
                0x0800af9c                PROVIDE (__preinit_array_end, .)

.init_array     0x0800af9c        0x4
                0x0800af9c                PROVIDE (__init_array_start, .)
 *(SORT(.init_array.*))
 *(.init_array*)
 .init_array    0x0800af9c        0x4 /home/thepro/Ac6/SystemWorkbench/plugins/fr.ac6.mcu.externaltools.arm-none.linux64_1.13.1.201707031232/tools/compiler/bin/../lib/gcc/arm-none-eabi/5.4.1/armv7-m/crtbegin.o
                0x0800afa0                PROVIDE (__init_array_end, .)

.fini_array     0x0800afa0        0x4
                [!provide]                PROVIDE (__fini_array_start, .)
 *(SORT(.fini_array.*))
 *(.fini_array*)
 .fini_array    0x0800afa0        0x4 /home/thepro/Ac6/SystemWorkbench/plugins/fr.ac6.mcu.externaltools.arm-none.linux64_1.13.1.201707031232/tools/compiler/bin/../lib/gcc/arm-none-eabi/5.4.1/armv7-m/crtbegin.o
                [!provide]                PROVIDE (__fini_array_end, .)
                0x0800afa4                _sidata = LOADADDR (.data)

.data           0x20000000       0x7c load address 0x0800afa4
                0x20000000                . = ALIGN (0x4)
                0x20000000                _sdata = .
 *(.data)
 .data          0x20000000        0x3 Src/LoRaMac.o
 *fill*         0x20000003        0x1 
 .data          0x20000004       0x20 Src/LoRaMacCrypto.o
 .data          0x20000024       0x10 Src/RegionIN865.o
 .data          0x20000034        0x2 Src/board.o
 *fill*         0x20000036        0x2 
 .data          0x20000038       0x24 Src/main.o
 .data          0x2000005c       0x18 Src/sx1272.o
                0x2000005c                DioIrq
 .data          0x20000074        0x4 Src/system_stm32l1xx.o
                0x20000074                SystemCoreClock
 .data          0x20000078        0x4 Src/utilities.o
 *(.data*)
                0x2000007c                . = ALIGN (0x4)
                0x2000007c                _edata = .

.jcr            0x2000007c        0x0 load address 0x0800b020
 .jcr           0x2000007c        0x0 /home/thepro/Ac6/SystemWorkbench/plugins/fr.ac6.mcu.externaltools.arm-none.linux64_1.13.1.201707031232/tools/compiler/bin/../lib/gcc/arm-none-eabi/5.4.1/armv7-m/crtbegin.o

.igot.plt       0x2000007c        0x0 load address 0x0800b020
 .igot.plt      0x2000007c        0x0 /home/thepro/Ac6/SystemWorkbench/plugins/fr.ac6.mcu.externaltools.arm-none.linux64_1.13.1.201707031232/tools/compiler/bin/../lib/gcc/arm-none-eabi/5.4.1/armv7-m/crtbegin.o
                0x2000007c                . = ALIGN (0x4)

.bss            0x2000007c      0xe10 load address 0x0800b020
                0x2000007c                _sbss = .
                0x2000007c                __bss_start__ = _sbss
 *(.bss)
 .bss           0x2000007c       0x1c /home/thepro/Ac6/SystemWorkbench/plugins/fr.ac6.mcu.externaltools.arm-none.linux64_1.13.1.201707031232/tools/compiler/bin/../lib/gcc/arm-none-eabi/5.4.1/armv7-m/crtbegin.o
 .bss           0x20000098      0x481 Src/LoRaMac.o
                0x20000140                TxTimeOnAir
                0x20000164                LoRaMacState
 *fill*         0x20000519        0x3 
 .bss           0x2000051c      0x22c Src/LoRaMacCrypto.o
 .bss           0x20000748       0xc8 Src/RegionIN865.o
 .bss           0x20000810        0x1 Src/adc.o
 *fill*         0x20000811        0x3 
 .bss           0x20000814       0x1a Src/board.o
 *fill*         0x2000082e        0x2 
 .bss           0x20000830       0x40 Src/gpio-board.o
 .bss           0x20000870      0x13c Src/main.o
 .bss           0x200009ac       0x34 Src/rtc-board.o
                0x200009b0                RtcHandle
                0x200009d8                McuWakeUpTime
                0x200009dd                NonScheduledWakeUp
 .bss           0x200009e0        0x1 Src/sx1272-board.o
 *fill*         0x200009e1        0x3 
 .bss           0x200009e4      0x104 Src/sx1272.o
 .bss           0x20000ae8        0x5 Src/timer.o
                0x20000aec                HasLoopedThroughMain
 .bss           0x20000aed        0x2 Src/uart-board.o
                0x20000aed                RxData
                0x20000aee                TxData
 *(.bss*)
 *(COMMON)
 *fill*         0x20000aef        0x1 
 COMMON         0x20000af0        0x4 Drivers/STM32L1xx_HAL_Driver/Src/stm32l1xx_hal.o
                0x20000af0                uwTick
 COMMON         0x20000af4       0x74 Src/LoRaMac.o
                0x20000af4                LoRaMacFlags
                0x20000af8                LoRaMacParamsDefaults
                0x20000b30                LoRaMacParams
 COMMON         0x20000b68       0x54 Src/adc-board.o
                0x20000b68                AdcHandle
 COMMON         0x20000bbc       0xd4 Src/board.o
                0x20000bbc                Led2
                0x20000bc8                Led3
                0x20000bd4                I2c
                0x20000c40                Uart1
                0x20000c78                Adc
                0x20000c84                Led4
 COMMON         0x20000c90       0x14 Src/main.o
                0x20000c90                ComplianceTest
 COMMON         0x20000ca4       0x14 Src/rtc-board.o
                0x20000ca4                RtcCalendarContext
 COMMON         0x20000cb8       0x18 Src/sx1272-board.o
                0x20000cb8                AntTx
                0x20000cc4                AntRx
 COMMON         0x20000cd0      0x17c Src/sx1272.o
                0x20000cd0                SX1272
                0x20000e10                TxTimeoutTimer
                0x20000e24                RxTimeoutSyncWord
                0x20000e38                RxTimeoutTimer
 COMMON         0x20000e4c       0x40 Src/uart-board.o
                0x20000e4c                UartHandle
                0x20000e8c                . = ALIGN (0x4)
                0x20000e8c                _ebss = .
                0x20000e8c                __bss_end__ = _ebss

._user_heap_stack
                0x20000e8c      0x604 load address 0x0800b020
                0x20000e90                . = ALIGN (0x8)
 *fill*         0x20000e8c        0x4 
                [!provide]                PROVIDE (end, .)
                [!provide]                PROVIDE (_end, .)
                0x20001090                . = (. + _Min_Heap_Size)
 *fill*         0x20000e90      0x200 
                0x20001490                . = (. + _Min_Stack_Size)
 *fill*         0x20001090      0x400 
                0x20001490                . = ALIGN (0x8)

/DISCARD/
 libc.a(*)
 libm.a(*)
 libgcc.a(*)

.ARM.attributes
                0x00000000       0x29
 *(.ARM.attributes)
 .ARM.attributes
                0x00000000       0x1d /home/thepro/Ac6/SystemWorkbench/plugins/fr.ac6.mcu.externaltools.arm-none.linux64_1.13.1.201707031232/tools/compiler/bin/../lib/gcc/arm-none-eabi/5.4.1/armv7-m/crti.o
 .ARM.attributes
                0x0000001d       0x2d /home/thepro/Ac6/SystemWorkbench/plugins/fr.ac6.mcu.externaltools.arm-none.linux64_1.13.1.201707031232/tools/compiler/bin/../lib/gcc/arm-none-eabi/5.4.1/armv7-m/crtbegin.o
 .ARM.attributes
                0x0000004a       0x33 Drivers/STM32L1xx_HAL_Driver/Src/stm32l1xx_hal.o
 .ARM.attributes
                0x0000007d       0x33 Drivers/STM32L1xx_HAL_Driver/Src/stm32l1xx_hal_adc.o
 .ARM.attributes
                0x000000b0       0x33 Drivers/STM32L1xx_HAL_Driver/Src/stm32l1xx_hal_cortex.o
 .ARM.attributes
                0x000000e3       0x33 Drivers/STM32L1xx_HAL_Driver/Src/stm32l1xx_hal_gpio.o
 .ARM.attributes
                0x00000116       0x33 Drivers/STM32L1xx_HAL_Driver/Src/stm32l1xx_hal_msp_template.o
 .ARM.attributes
                0x00000149       0x33 Drivers/STM32L1xx_HAL_Driver/Src/stm32l1xx_hal_pwr.o
 .ARM.attributes
                0x0000017c       0x33 Drivers/STM32L1xx_HAL_Driver/Src/stm32l1xx_hal_pwr_ex.o
 .ARM.attributes
                0x000001af       0x33 Drivers/STM32L1xx_HAL_Driver/Src/stm32l1xx_hal_rcc.o
 .ARM.attributes
                0x000001e2       0x33 Drivers/STM32L1xx_HAL_Driver/Src/stm32l1xx_hal_rcc_ex.o
 .ARM.attributes
                0x00000215       0x33 Drivers/STM32L1xx_HAL_Driver/Src/stm32l1xx_hal_rtc.o
 .ARM.attributes
                0x00000248       0x33 Drivers/STM32L1xx_HAL_Driver/Src/stm32l1xx_hal_rtc_ex.o
 .ARM.attributes
                0x0000027b       0x33 Drivers/STM32L1xx_HAL_Driver/Src/stm32l1xx_hal_spi.o
 .ARM.attributes
                0x000002ae       0x33 Drivers/STM32L1xx_HAL_Driver/Src/stm32l1xx_hal_spi_ex.o
 .ARM.attributes
                0x000002e1       0x33 Drivers/STM32L1xx_HAL_Driver/Src/stm32l1xx_hal_uart.o
 .ARM.attributes
                0x00000314       0x33 Src/LoRaMac.o
 .ARM.attributes
                0x00000347       0x33 Src/LoRaMacCrypto.o
 .ARM.attributes
                0x0000037a       0x33 Src/Region.o
 .ARM.attributes
                0x000003ad       0x33 Src/RegionCommon.o
 .ARM.attributes
                0x000003e0       0x33 Src/RegionIN865.o
 .ARM.attributes
                0x00000413       0x33 Src/adc-board.o
 .ARM.attributes
                0x00000446       0x33 Src/adc.o
 .ARM.attributes
                0x00000479       0x33 Src/aes.o
 .ARM.attributes
                0x000004ac       0x33 Src/board.o
 .ARM.attributes
                0x000004df       0x33 Src/cmac.o
 .ARM.attributes
                0x00000512       0x33 Src/delay.o
 .ARM.attributes
                0x00000545       0x33 Src/fifo.o
 .ARM.attributes
                0x00000578       0x33 Src/gpio-board.o
 .ARM.attributes
                0x000005ab       0x33 Src/gpio.o
 .ARM.attributes
                0x000005de       0x33 Src/main.o
 .ARM.attributes
                0x00000611       0x33 Src/rtc-board.o
 .ARM.attributes
                0x00000644       0x33 Src/spi-board.o
 .ARM.attributes
                0x00000677       0x33 Src/sx1272-board.o
 .ARM.attributes
                0x000006aa       0x33 Src/sx1272.o
 .ARM.attributes
                0x000006dd       0x33 Src/sysIrqHandlers.o
 .ARM.attributes
                0x00000710       0x33 Src/system_stm32l1xx.o
 .ARM.attributes
                0x00000743       0x33 Src/timer.o
 .ARM.attributes
                0x00000776       0x33 Src/uart-board.o
 .ARM.attributes
                0x000007a9       0x33 Src/utilities.o
 .ARM.attributes
                0x000007dc       0x21 startup/startup_stm32l151xb.o
 .ARM.attributes
                0x000007fd       0x2d /home/thepro/Ac6/SystemWorkbench/plugins/fr.ac6.mcu.externaltools.arm-none.linux64_1.13.1.201707031232/tools/compiler/bin/../lib/gcc/arm-none-eabi/5.4.1/../../../../arm-none-eabi/lib/armv7-m/libm.a(lib_a-s_ceil.o)
 .ARM.attributes
                0x0000082a       0x2d /home/thepro/Ac6/SystemWorkbench/plugins/fr.ac6.mcu.externaltools.arm-none.linux64_1.13.1.201707031232/tools/compiler/bin/../lib/gcc/arm-none-eabi/5.4.1/../../../../arm-none-eabi/lib/armv7-m/libm.a(lib_a-s_floor.o)
 .ARM.attributes
                0x00000857       0x2d /home/thepro/Ac6/SystemWorkbench/plugins/fr.ac6.mcu.externaltools.arm-none.linux64_1.13.1.201707031232/tools/compiler/bin/../lib/gcc/arm-none-eabi/5.4.1/../../../../arm-none-eabi/lib/armv7-m/libm.a(lib_a-s_round.o)
 .ARM.attributes
                0x00000884       0x1d /home/thepro/Ac6/SystemWorkbench/plugins/fr.ac6.mcu.externaltools.arm-none.linux64_1.13.1.201707031232/tools/compiler/bin/../lib/gcc/arm-none-eabi/5.4.1/armv7-m/libgcc.a(_arm_addsubdf3.o)
 .ARM.attributes
                0x000008a1       0x1d /home/thepro/Ac6/SystemWorkbench/plugins/fr.ac6.mcu.externaltools.arm-none.linux64_1.13.1.201707031232/tools/compiler/bin/../lib/gcc/arm-none-eabi/5.4.1/armv7-m/libgcc.a(_arm_muldivdf3.o)
 .ARM.attributes
                0x000008be       0x1d /home/thepro/Ac6/SystemWorkbench/plugins/fr.ac6.mcu.externaltools.arm-none.linux64_1.13.1.201707031232/tools/compiler/bin/../lib/gcc/arm-none-eabi/5.4.1/armv7-m/libgcc.a(_arm_cmpdf2.o)
 .ARM.attributes
                0x000008db       0x1d /home/thepro/Ac6/SystemWorkbench/plugins/fr.ac6.mcu.externaltools.arm-none.linux64_1.13.1.201707031232/tools/compiler/bin/../lib/gcc/arm-none-eabi/5.4.1/armv7-m/libgcc.a(_arm_fixdfsi.o)
 .ARM.attributes
                0x000008f8       0x1d /home/thepro/Ac6/SystemWorkbench/plugins/fr.ac6.mcu.externaltools.arm-none.linux64_1.13.1.201707031232/tools/compiler/bin/../lib/gcc/arm-none-eabi/5.4.1/armv7-m/libgcc.a(_arm_fixunsdfsi.o)
 .ARM.attributes
                0x00000915       0x1d /home/thepro/Ac6/SystemWorkbench/plugins/fr.ac6.mcu.externaltools.arm-none.linux64_1.13.1.201707031232/tools/compiler/bin/../lib/gcc/arm-none-eabi/5.4.1/armv7-m/libgcc.a(_arm_addsubsf3.o)
 .ARM.attributes
                0x00000932       0x2d /home/thepro/Ac6/SystemWorkbench/plugins/fr.ac6.mcu.externaltools.arm-none.linux64_1.13.1.201707031232/tools/compiler/bin/../lib/gcc/arm-none-eabi/5.4.1/../../../../arm-none-eabi/lib/armv7-m/libc_nano.a(lib_a-init.o)
 .ARM.attributes
                0x0000095f       0x2d /home/thepro/Ac6/SystemWorkbench/plugins/fr.ac6.mcu.externaltools.arm-none.linux64_1.13.1.201707031232/tools/compiler/bin/../lib/gcc/arm-none-eabi/5.4.1/../../../../arm-none-eabi/lib/armv7-m/libc_nano.a(lib_a-memset.o)
 .ARM.attributes
                0x0000098c       0x1d /home/thepro/Ac6/SystemWorkbench/plugins/fr.ac6.mcu.externaltools.arm-none.linux64_1.13.1.201707031232/tools/compiler/bin/../lib/gcc/arm-none-eabi/5.4.1/armv7-m/crtn.o
OUTPUT(im880b-boilerplate.elf elf32-littlearm)

.debug_info     0x00000000    0x21dd0
 .debug_info    0x00000000      0x5fe Drivers/STM32L1xx_HAL_Driver/Src/stm32l1xx_hal.o
 .debug_info    0x000005fe     0x101d Drivers/STM32L1xx_HAL_Driver/Src/stm32l1xx_hal_adc.o
 .debug_info    0x0000161b      0xdba Drivers/STM32L1xx_HAL_Driver/Src/stm32l1xx_hal_cortex.o
 .debug_info    0x000023d5      0x5fb Drivers/STM32L1xx_HAL_Driver/Src/stm32l1xx_hal_gpio.o
 .debug_info    0x000029d0       0xf0 Drivers/STM32L1xx_HAL_Driver/Src/stm32l1xx_hal_msp_template.o
 .debug_info    0x00002ac0      0x7e4 Drivers/STM32L1xx_HAL_Driver/Src/stm32l1xx_hal_pwr.o
 .debug_info    0x000032a4      0x34e Drivers/STM32L1xx_HAL_Driver/Src/stm32l1xx_hal_pwr_ex.o
 .debug_info    0x000035f2     0x1697 Drivers/STM32L1xx_HAL_Driver/Src/stm32l1xx_hal_rcc.o
 .debug_info    0x00004c89      0x495 Drivers/STM32L1xx_HAL_Driver/Src/stm32l1xx_hal_rcc_ex.o
 .debug_info    0x0000511e      0xa27 Drivers/STM32L1xx_HAL_Driver/Src/stm32l1xx_hal_rtc.o
 .debug_info    0x00005b45     0x11d9 Drivers/STM32L1xx_HAL_Driver/Src/stm32l1xx_hal_rtc_ex.o
 .debug_info    0x00006d1e     0x1574 Drivers/STM32L1xx_HAL_Driver/Src/stm32l1xx_hal_spi.o
 .debug_info    0x00008292      0x5be Drivers/STM32L1xx_HAL_Driver/Src/stm32l1xx_hal_spi_ex.o
 .debug_info    0x00008850     0x11a2 Drivers/STM32L1xx_HAL_Driver/Src/stm32l1xx_hal_uart.o
 .debug_info    0x000099f2     0x3f9c Src/LoRaMac.o
 .debug_info    0x0000d98e      0x867 Src/LoRaMacCrypto.o
 .debug_info    0x0000e1f5     0x14b3 Src/Region.o
 .debug_info    0x0000f6a8      0xb00 Src/RegionCommon.o
 .debug_info    0x000101a8     0x21cf Src/RegionIN865.o
 .debug_info    0x00012377      0xd77 Src/adc-board.o
 .debug_info    0x000130ee      0x595 Src/adc.o
 .debug_info    0x00013683      0x5d5 Src/aes.o
 .debug_info    0x00013c58     0x2016 Src/board.o
 .debug_info    0x00015c6e      0x51f Src/cmac.o
 .debug_info    0x0001618d      0x13d Src/delay.o
 .debug_info    0x000162ca      0x277 Src/fifo.o
 .debug_info    0x00016541      0xe2f Src/gpio-board.o
 .debug_info    0x00017370      0x758 Src/gpio.o
 .debug_info    0x00017ac8     0x1810 Src/main.o
 .debug_info    0x000192d8     0x1239 Src/rtc-board.o
 .debug_info    0x0001a511      0xfd1 Src/spi-board.o
 .debug_info    0x0001b4e2     0x1839 Src/sx1272-board.o
 .debug_info    0x0001cd1b     0x2fb3 Src/sx1272.o
 .debug_info    0x0001fcce      0x108 Src/sysIrqHandlers.o
 .debug_info    0x0001fdd6      0x446 Src/system_stm32l1xx.o
 .debug_info    0x0002021c      0x67b Src/timer.o
 .debug_info    0x00020897     0x1227 Src/uart-board.o
 .debug_info    0x00021abe      0x294 Src/utilities.o
 .debug_info    0x00021d52       0x7e startup/startup_stm32l151xb.o

.debug_abbrev   0x00000000     0x4b39
 .debug_abbrev  0x00000000      0x1ec Drivers/STM32L1xx_HAL_Driver/Src/stm32l1xx_hal.o
 .debug_abbrev  0x000001ec      0x287 Drivers/STM32L1xx_HAL_Driver/Src/stm32l1xx_hal_adc.o
 .debug_abbrev  0x00000473      0x2e2 Drivers/STM32L1xx_HAL_Driver/Src/stm32l1xx_hal_cortex.o
 .debug_abbrev  0x00000755      0x1cd Drivers/STM32L1xx_HAL_Driver/Src/stm32l1xx_hal_gpio.o
 .debug_abbrev  0x00000922       0x6a Drivers/STM32L1xx_HAL_Driver/Src/stm32l1xx_hal_msp_template.o
 .debug_abbrev  0x0000098c      0x1f8 Drivers/STM32L1xx_HAL_Driver/Src/stm32l1xx_hal_pwr.o
 .debug_abbrev  0x00000b84      0x149 Drivers/STM32L1xx_HAL_Driver/Src/stm32l1xx_hal_pwr_ex.o
 .debug_abbrev  0x00000ccd      0x2a1 Drivers/STM32L1xx_HAL_Driver/Src/stm32l1xx_hal_rcc.o
 .debug_abbrev  0x00000f6e      0x201 Drivers/STM32L1xx_HAL_Driver/Src/stm32l1xx_hal_rcc_ex.o
 .debug_abbrev  0x0000116f      0x1ad Drivers/STM32L1xx_HAL_Driver/Src/stm32l1xx_hal_rtc.o
 .debug_abbrev  0x0000131c      0x1bc Drivers/STM32L1xx_HAL_Driver/Src/stm32l1xx_hal_rtc_ex.o
 .debug_abbrev  0x000014d8      0x253 Drivers/STM32L1xx_HAL_Driver/Src/stm32l1xx_hal_spi.o
 .debug_abbrev  0x0000172b      0x14f Drivers/STM32L1xx_HAL_Driver/Src/stm32l1xx_hal_spi_ex.o
 .debug_abbrev  0x0000187a      0x228 Drivers/STM32L1xx_HAL_Driver/Src/stm32l1xx_hal_uart.o
 .debug_abbrev  0x00001aa2      0x39c Src/LoRaMac.o
 .debug_abbrev  0x00001e3e      0x17b Src/LoRaMacCrypto.o
 .debug_abbrev  0x00001fb9      0x1de Src/Region.o
 .debug_abbrev  0x00002197      0x256 Src/RegionCommon.o
 .debug_abbrev  0x000023ed      0x357 Src/RegionIN865.o
 .debug_abbrev  0x00002744      0x239 Src/adc-board.o
 .debug_abbrev  0x0000297d      0x160 Src/adc.o
 .debug_abbrev  0x00002add      0x159 Src/aes.o
 .debug_abbrev  0x00002c36      0x36a Src/board.o
 .debug_abbrev  0x00002fa0      0x162 Src/cmac.o
 .debug_abbrev  0x00003102       0xc8 Src/delay.o
 .debug_abbrev  0x000031ca      0x11e Src/fifo.o
 .debug_abbrev  0x000032e8      0x228 Src/gpio-board.o
 .debug_abbrev  0x00003510      0x14f Src/gpio.o
 .debug_abbrev  0x0000365f      0x316 Src/main.o
 .debug_abbrev  0x00003975      0x35f Src/rtc-board.o
 .debug_abbrev  0x00003cd4      0x20b Src/spi-board.o
 .debug_abbrev  0x00003edf      0x20c Src/sx1272-board.o
 .debug_abbrev  0x000040eb      0x377 Src/sx1272.o
 .debug_abbrev  0x00004462       0x85 Src/sysIrqHandlers.o
 .debug_abbrev  0x000044e7      0x104 Src/system_stm32l1xx.o
 .debug_abbrev  0x000045eb      0x240 Src/timer.o
 .debug_abbrev  0x0000482b      0x203 Src/uart-board.o
 .debug_abbrev  0x00004a2e       0xf9 Src/utilities.o
 .debug_abbrev  0x00004b27       0x12 startup/startup_stm32l151xb.o

.debug_loc      0x00000000     0xe514
 .debug_loc     0x00000000       0x6a Drivers/STM32L1xx_HAL_Driver/Src/stm32l1xx_hal.o
 .debug_loc     0x0000006a      0x875 Drivers/STM32L1xx_HAL_Driver/Src/stm32l1xx_hal_adc.o
 .debug_loc     0x000008df      0x527 Drivers/STM32L1xx_HAL_Driver/Src/stm32l1xx_hal_cortex.o
 .debug_loc     0x00000e06      0x320 Drivers/STM32L1xx_HAL_Driver/Src/stm32l1xx_hal_gpio.o
 .debug_loc     0x00001126       0xfe Drivers/STM32L1xx_HAL_Driver/Src/stm32l1xx_hal_pwr.o
 .debug_loc     0x00001224       0xac Drivers/STM32L1xx_HAL_Driver/Src/stm32l1xx_hal_pwr_ex.o
 .debug_loc     0x000012d0      0xc24 Drivers/STM32L1xx_HAL_Driver/Src/stm32l1xx_hal_rcc.o
 .debug_loc     0x00001ef4      0x39e Drivers/STM32L1xx_HAL_Driver/Src/stm32l1xx_hal_rcc_ex.o
 .debug_loc     0x00002292      0x619 Drivers/STM32L1xx_HAL_Driver/Src/stm32l1xx_hal_rtc.o
 .debug_loc     0x000028ab     0x108f Drivers/STM32L1xx_HAL_Driver/Src/stm32l1xx_hal_rtc_ex.o
 .debug_loc     0x0000393a     0x1086 Drivers/STM32L1xx_HAL_Driver/Src/stm32l1xx_hal_spi.o
 .debug_loc     0x000049c0       0x37 Drivers/STM32L1xx_HAL_Driver/Src/stm32l1xx_hal_spi_ex.o
 .debug_loc     0x000049f7     0x1009 Drivers/STM32L1xx_HAL_Driver/Src/stm32l1xx_hal_uart.o
 .debug_loc     0x00005a00     0x261a Src/LoRaMac.o
 .debug_loc     0x0000801a      0x5d4 Src/LoRaMacCrypto.o
 .debug_loc     0x000085ee      0xbc0 Src/Region.o
 .debug_loc     0x000091ae      0x929 Src/RegionCommon.o
 .debug_loc     0x00009ad7     0x113e Src/RegionIN865.o
 .debug_loc     0x0000ac15      0x115 Src/adc-board.o
 .debug_loc     0x0000ad2a       0xa8 Src/adc.o
 .debug_loc     0x0000add2      0x4a0 Src/aes.o
 .debug_loc     0x0000b272      0x13b Src/board.o
 .debug_loc     0x0000b3ad      0x256 Src/cmac.o
 .debug_loc     0x0000b603       0x44 Src/delay.o
 .debug_loc     0x0000b647       0xde Src/fifo.o
 .debug_loc     0x0000b725      0x49c Src/gpio-board.o
 .debug_loc     0x0000bbc1      0x1a5 Src/gpio.o
 .debug_loc     0x0000bd66      0x177 Src/main.o
 .debug_loc     0x0000bedd      0x809 Src/rtc-board.o
 .debug_loc     0x0000c6e6      0x21d Src/spi-board.o
 .debug_loc     0x0000c903      0x1d6 Src/sx1272-board.o
 .debug_loc     0x0000cad9      0xe58 Src/sx1272.o
 .debug_loc     0x0000d931      0x16b Src/system_stm32l1xx.o
 .debug_loc     0x0000da9c      0x50d Src/timer.o
 .debug_loc     0x0000dfa9      0x350 Src/uart-board.o
 .debug_loc     0x0000e2f9      0x21b Src/utilities.o

.debug_aranges  0x00000000     0x1488
 .debug_aranges
                0x00000000       0xb0 Drivers/STM32L1xx_HAL_Driver/Src/stm32l1xx_hal.o
 .debug_aranges
                0x000000b0       0xf0 Drivers/STM32L1xx_HAL_Driver/Src/stm32l1xx_hal_adc.o
 .debug_aranges
                0x000001a0       0x98 Drivers/STM32L1xx_HAL_Driver/Src/stm32l1xx_hal_cortex.o
 .debug_aranges
                0x00000238       0x58 Drivers/STM32L1xx_HAL_Driver/Src/stm32l1xx_hal_gpio.o
 .debug_aranges
                0x00000290       0x38 Drivers/STM32L1xx_HAL_Driver/Src/stm32l1xx_hal_msp_template.o
 .debug_aranges
                0x000002c8       0xa0 Drivers/STM32L1xx_HAL_Driver/Src/stm32l1xx_hal_pwr.o
 .debug_aranges
                0x00000368       0x50 Drivers/STM32L1xx_HAL_Driver/Src/stm32l1xx_hal_pwr_ex.o
 .debug_aranges
                0x000003b8       0x90 Drivers/STM32L1xx_HAL_Driver/Src/stm32l1xx_hal_rcc.o
 .debug_aranges
                0x00000448       0x30 Drivers/STM32L1xx_HAL_Driver/Src/stm32l1xx_hal_rcc_ex.o
 .debug_aranges
                0x00000478       0x90 Drivers/STM32L1xx_HAL_Driver/Src/stm32l1xx_hal_rtc.o
 .debug_aranges
                0x00000508      0x130 Drivers/STM32L1xx_HAL_Driver/Src/stm32l1xx_hal_rtc_ex.o
 .debug_aranges
                0x00000638      0x150 Drivers/STM32L1xx_HAL_Driver/Src/stm32l1xx_hal_spi.o
 .debug_aranges
                0x00000788       0x20 Drivers/STM32L1xx_HAL_Driver/Src/stm32l1xx_hal_spi_ex.o
 .debug_aranges
                0x000007a8      0x150 Drivers/STM32L1xx_HAL_Driver/Src/stm32l1xx_hal_uart.o
 .debug_aranges
                0x000008f8      0x148 Src/LoRaMac.o
 .debug_aranges
                0x00000a40       0x48 Src/LoRaMacCrypto.o
 .debug_aranges
                0x00000a88       0xd0 Src/Region.o
 .debug_aranges
                0x00000b58       0x98 Src/RegionCommon.o
 .debug_aranges
                0x00000bf0       0xf0 Src/RegionIN865.o
 .debug_aranges
                0x00000ce0       0x30 Src/adc-board.o
 .debug_aranges
                0x00000d10       0x30 Src/adc.o
 .debug_aranges
                0x00000d40       0x68 Src/aes.o
 .debug_aranges
                0x00000da8       0xa8 Src/board.o
 .debug_aranges
                0x00000e50       0x38 Src/cmac.o
 .debug_aranges
                0x00000e88       0x28 Src/delay.o
 .debug_aranges
                0x00000eb0       0x50 Src/fifo.o
 .debug_aranges
                0x00000f00       0x88 Src/gpio-board.o
 .debug_aranges
                0x00000f88       0x48 Src/gpio.o
 .debug_aranges
                0x00000fd0       0x60 Src/main.o
 .debug_aranges
                0x00001030       0xa8 Src/rtc-board.o
 .debug_aranges
                0x000010d8       0x40 Src/spi-board.o
 .debug_aranges
                0x00001118       0x68 Src/sx1272-board.o
 .debug_aranges
                0x00001180      0x130 Src/sx1272.o
 .debug_aranges
                0x000012b0       0x40 Src/sysIrqHandlers.o
 .debug_aranges
                0x000012f0       0x28 Src/system_stm32l1xx.o
 .debug_aranges
                0x00001318       0x90 Src/timer.o
 .debug_aranges
                0x000013a8       0x68 Src/uart-board.o
 .debug_aranges
                0x00001410       0x50 Src/utilities.o
 .debug_aranges
                0x00001460       0x28 startup/startup_stm32l151xb.o

.debug_ranges   0x00000000     0x13f8
 .debug_ranges  0x00000000       0xa0 Drivers/STM32L1xx_HAL_Driver/Src/stm32l1xx_hal.o
 .debug_ranges  0x000000a0       0xe0 Drivers/STM32L1xx_HAL_Driver/Src/stm32l1xx_hal_adc.o
 .debug_ranges  0x00000180       0x88 Drivers/STM32L1xx_HAL_Driver/Src/stm32l1xx_hal_cortex.o
 .debug_ranges  0x00000208       0x48 Drivers/STM32L1xx_HAL_Driver/Src/stm32l1xx_hal_gpio.o
 .debug_ranges  0x00000250       0x28 Drivers/STM32L1xx_HAL_Driver/Src/stm32l1xx_hal_msp_template.o
 .debug_ranges  0x00000278       0x90 Drivers/STM32L1xx_HAL_Driver/Src/stm32l1xx_hal_pwr.o
 .debug_ranges  0x00000308       0x40 Drivers/STM32L1xx_HAL_Driver/Src/stm32l1xx_hal_pwr_ex.o
 .debug_ranges  0x00000348       0x98 Drivers/STM32L1xx_HAL_Driver/Src/stm32l1xx_hal_rcc.o
 .debug_ranges  0x000003e0       0x38 Drivers/STM32L1xx_HAL_Driver/Src/stm32l1xx_hal_rcc_ex.o
 .debug_ranges  0x00000418       0x80 Drivers/STM32L1xx_HAL_Driver/Src/stm32l1xx_hal_rtc.o
 .debug_ranges  0x00000498      0x120 Drivers/STM32L1xx_HAL_Driver/Src/stm32l1xx_hal_rtc_ex.o
 .debug_ranges  0x000005b8      0x140 Drivers/STM32L1xx_HAL_Driver/Src/stm32l1xx_hal_spi.o
 .debug_ranges  0x000006f8       0x10 Drivers/STM32L1xx_HAL_Driver/Src/stm32l1xx_hal_spi_ex.o
 .debug_ranges  0x00000708      0x140 Drivers/STM32L1xx_HAL_Driver/Src/stm32l1xx_hal_uart.o
 .debug_ranges  0x00000848      0x180 Src/LoRaMac.o
 .debug_ranges  0x000009c8       0x38 Src/LoRaMacCrypto.o
 .debug_ranges  0x00000a00       0xc0 Src/Region.o
 .debug_ranges  0x00000ac0      0x128 Src/RegionCommon.o
 .debug_ranges  0x00000be8      0x110 Src/RegionIN865.o
 .debug_ranges  0x00000cf8       0x20 Src/adc-board.o
 .debug_ranges  0x00000d18       0x20 Src/adc.o
 .debug_ranges  0x00000d38       0x58 Src/aes.o
 .debug_ranges  0x00000d90       0x98 Src/board.o
 .debug_ranges  0x00000e28       0x88 Src/cmac.o
 .debug_ranges  0x00000eb0       0x18 Src/delay.o
 .debug_ranges  0x00000ec8       0x40 Src/fifo.o
 .debug_ranges  0x00000f08       0x78 Src/gpio-board.o
 .debug_ranges  0x00000f80       0x38 Src/gpio.o
 .debug_ranges  0x00000fb8       0x50 Src/main.o
 .debug_ranges  0x00001008       0xc8 Src/rtc-board.o
 .debug_ranges  0x000010d0       0x30 Src/spi-board.o
 .debug_ranges  0x00001100       0x58 Src/sx1272-board.o
 .debug_ranges  0x00001158      0x120 Src/sx1272.o
 .debug_ranges  0x00001278       0x30 Src/sysIrqHandlers.o
 .debug_ranges  0x000012a8       0x18 Src/system_stm32l1xx.o
 .debug_ranges  0x000012c0       0x80 Src/timer.o
 .debug_ranges  0x00001340       0x58 Src/uart-board.o
 .debug_ranges  0x00001398       0x40 Src/utilities.o
 .debug_ranges  0x000013d8       0x20 startup/startup_stm32l151xb.o

.debug_macro    0x00000000    0x1e6ea
 .debug_macro   0x00000000      0x363 Drivers/STM32L1xx_HAL_Driver/Src/stm32l1xx_hal.o
 .debug_macro   0x00000363      0x886 Drivers/STM32L1xx_HAL_Driver/Src/stm32l1xx_hal.o
 .debug_macro   0x00000be9       0xa6 Drivers/STM32L1xx_HAL_Driver/Src/stm32l1xx_hal.o
 .debug_macro   0x00000c8f       0x2e Drivers/STM32L1xx_HAL_Driver/Src/stm32l1xx_hal.o
 .debug_macro   0x00000cbd       0x22 Drivers/STM32L1xx_HAL_Driver/Src/stm32l1xx_hal.o
 .debug_macro   0x00000cdf       0x22 Drivers/STM32L1xx_HAL_Driver/Src/stm32l1xx_hal.o
 .debug_macro   0x00000d01       0x87 Drivers/STM32L1xx_HAL_Driver/Src/stm32l1xx_hal.o
 .debug_macro   0x00000d88       0x44 Drivers/STM32L1xx_HAL_Driver/Src/stm32l1xx_hal.o
 .debug_macro   0x00000dcc       0xfd Drivers/STM32L1xx_HAL_Driver/Src/stm32l1xx_hal.o
 .debug_macro   0x00000ec9       0x5e Drivers/STM32L1xx_HAL_Driver/Src/stm32l1xx_hal.o
 .debug_macro   0x00000f27      0x1df Drivers/STM32L1xx_HAL_Driver/Src/stm32l1xx_hal.o
 .debug_macro   0x00001106       0x34 Drivers/STM32L1xx_HAL_Driver/Src/stm32l1xx_hal.o
 .debug_macro   0x0000113a       0x34 Drivers/STM32L1xx_HAL_Driver/Src/stm32l1xx_hal.o
 .debug_macro   0x0000116e      0xcb4 Drivers/STM32L1xx_HAL_Driver/Src/stm32l1xx_hal.o
 .debug_macro   0x00001e22     0xa326 Drivers/STM32L1xx_HAL_Driver/Src/stm32l1xx_hal.o
 .debug_macro   0x0000c148       0x43 Drivers/STM32L1xx_HAL_Driver/Src/stm32l1xx_hal.o
 .debug_macro   0x0000c18b     0x339f Drivers/STM32L1xx_HAL_Driver/Src/stm32l1xx_hal.o
 .debug_macro   0x0000f52a       0x52 Drivers/STM32L1xx_HAL_Driver/Src/stm32l1xx_hal.o
 .debug_macro   0x0000f57c       0x35 Drivers/STM32L1xx_HAL_Driver/Src/stm32l1xx_hal.o
 .debug_macro   0x0000f5b1       0x9c Drivers/STM32L1xx_HAL_Driver/Src/stm32l1xx_hal.o
 .debug_macro   0x0000f64d       0x16 Drivers/STM32L1xx_HAL_Driver/Src/stm32l1xx_hal.o
 .debug_macro   0x0000f663       0x97 Drivers/STM32L1xx_HAL_Driver/Src/stm32l1xx_hal.o
 .debug_macro   0x0000f6fa      0x30d Drivers/STM32L1xx_HAL_Driver/Src/stm32l1xx_hal.o
 .debug_macro   0x0000fa07       0xfd Drivers/STM32L1xx_HAL_Driver/Src/stm32l1xx_hal.o
 .debug_macro   0x0000fb04       0x10 Drivers/STM32L1xx_HAL_Driver/Src/stm32l1xx_hal.o
 .debug_macro   0x0000fb14       0x52 Drivers/STM32L1xx_HAL_Driver/Src/stm32l1xx_hal.o
 .debug_macro   0x0000fb66       0x1f Drivers/STM32L1xx_HAL_Driver/Src/stm32l1xx_hal.o
 .debug_macro   0x0000fb85       0x43 Drivers/STM32L1xx_HAL_Driver/Src/stm32l1xx_hal.o
 .debug_macro   0x0000fbc8       0x20 Drivers/STM32L1xx_HAL_Driver/Src/stm32l1xx_hal.o
 .debug_macro   0x0000fbe8      0x187 Drivers/STM32L1xx_HAL_Driver/Src/stm32l1xx_hal.o
 .debug_macro   0x0000fd6f       0x10 Drivers/STM32L1xx_HAL_Driver/Src/stm32l1xx_hal.o
 .debug_macro   0x0000fd7f       0x1c Drivers/STM32L1xx_HAL_Driver/Src/stm32l1xx_hal.o
 .debug_macro   0x0000fd9b       0x52 Drivers/STM32L1xx_HAL_Driver/Src/stm32l1xx_hal.o
 .debug_macro   0x0000fded       0x40 Drivers/STM32L1xx_HAL_Driver/Src/stm32l1xx_hal.o
 .debug_macro   0x0000fe2d       0x10 Drivers/STM32L1xx_HAL_Driver/Src/stm32l1xx_hal.o
 .debug_macro   0x0000fe3d       0x40 Drivers/STM32L1xx_HAL_Driver/Src/stm32l1xx_hal.o
 .debug_macro   0x0000fe7d       0xd7 Drivers/STM32L1xx_HAL_Driver/Src/stm32l1xx_hal.o
 .debug_macro   0x0000ff54       0x16 Drivers/STM32L1xx_HAL_Driver/Src/stm32l1xx_hal.o
 .debug_macro   0x0000ff6a      0x18b Drivers/STM32L1xx_HAL_Driver/Src/stm32l1xx_hal.o
 .debug_macro   0x000100f5       0x50 Drivers/STM32L1xx_HAL_Driver/Src/stm32l1xx_hal.o
 .debug_macro   0x00010145      0xe3f Drivers/STM32L1xx_HAL_Driver/Src/stm32l1xx_hal.o
 .debug_macro   0x00010f84       0x63 Drivers/STM32L1xx_HAL_Driver/Src/stm32l1xx_hal.o
 .debug_macro   0x00010fe7      0x141 Drivers/STM32L1xx_HAL_Driver/Src/stm32l1xx_hal.o
 .debug_macro   0x00011128       0xa7 Drivers/STM32L1xx_HAL_Driver/Src/stm32l1xx_hal.o
 .debug_macro   0x000111cf      0x25d Drivers/STM32L1xx_HAL_Driver/Src/stm32l1xx_hal.o
 .debug_macro   0x0001142c      0x23c Drivers/STM32L1xx_HAL_Driver/Src/stm32l1xx_hal.o
 .debug_macro   0x00011668      0x631 Drivers/STM32L1xx_HAL_Driver/Src/stm32l1xx_hal.o
 .debug_macro   0x00011c99      0x161 Drivers/STM32L1xx_HAL_Driver/Src/stm32l1xx_hal.o